[2026-04-16 09:58:35] DEBUG  sql 日志链
  sql执行语句: SELECT DATABASE()
  查询结果（数量）: -1
  耗时: 5.7355ms
[2026-04-16 09:58:35] DEBUG  sql 日志链
  耗时: 114.5204ms
  sql执行语句: SELECT SCHEMA_NAME from Information_schema.SCHEMATA where SCHEMA_NAME LIKE 'springboot3%' ORDER BY SCHEMA_NAME='springboot3' DESC,SCHEMA_NAME limit 1
  查询结果（数量）: 1
[2026-04-16 09:58:35] DEBUG  sql 日志链
  sql执行语句: SELECT count(*) FROM information_schema.tables WHERE table_schema = 'springboot3' AND table_name = 'config' AND table_type = 'BASE TABLE'
  查询结果（数量）: -1
  耗时: 60.423ms
[2026-04-16 09:58:35] DEBUG  sql 日志链
  查询结果（数量）: -1
  耗时: 1.6583ms
  sql执行语句: SELECT DATABASE()
[2026-04-16 09:58:35] DEBUG  sql 日志链
  耗时: 2.8233ms
  sql执行语句: SELECT SCHEMA_NAME from Information_schema.SCHEMATA where SCHEMA_NAME LIKE 'springboot3%' ORDER BY SCHEMA_NAME='springboot3' DESC,SCHEMA_NAME limit 1
  查询结果（数量）: 1
[2026-04-16 09:58:35] DEBUG  sql 日志链
  sql执行语句: SELECT * FROM `config` LIMIT 1
  查询结果（数量）: -1
  耗时: 20.4824ms
[2026-04-16 09:58:35] DEBUG  sql 日志链
  查询结果（数量）: -1
  耗时: 30.3856ms
  sql执行语句: SELECT column_name, column_default, is_nullable = 'YES', data_type, character_maximum_length, column_type, column_key, extra, column_comment, numeric_precision, numeric_scale , datetime_precision FROM information_schema.columns WHERE table_schema = 'springboot3' AND table_name = 'config' ORDER BY ORDINAL_POSITION
[2026-04-16 09:58:35] WARNING  慢SQL
  sql执行语句: ALTER TABLE `config` MODIFY COLUMN `updated_at` datetime(3) NOT NULL DEFAULT CURRENT_TIMESTAMP(3) ON UPDATE CURRENT_TIMESTAMP(3)
  查询结果（数量）: 0
  耗时: 247.8528ms
[2026-04-16 09:58:35] DEBUG  sql 日志链
  sql执行语句: SELECT DATABASE()
  查询结果（数量）: -1
  耗时: 3.3482ms
[2026-04-16 09:58:35] DEBUG  sql 日志链
  sql执行语句: SELECT SCHEMA_NAME from Information_schema.SCHEMATA where SCHEMA_NAME LIKE 'springboot3%' ORDER BY SCHEMA_NAME='springboot3' DESC,SCHEMA_NAME limit 1
  查询结果（数量）: 1
  耗时: 4.978ms
[2026-04-16 09:58:35] DEBUG  sql 日志链
  查询结果（数量）: -1
  耗时: 10.4183ms
  sql执行语句: SELECT count(*) FROM information_schema.statistics WHERE table_schema = 'springboot3' AND table_name = 'config' AND index_name = 'idx_config_deleted_at'
[2026-04-16 09:58:35] DEBUG  sql 日志链
  sql执行语句: SELECT DATABASE()
  查询结果（数量）: -1
  耗时: 1.0772ms
[2026-04-16 09:58:35] DEBUG  sql 日志链
  sql执行语句: SELECT SCHEMA_NAME from Information_schema.SCHEMATA where SCHEMA_NAME LIKE 'springboot3%' ORDER BY SCHEMA_NAME='springboot3' DESC,SCHEMA_NAME limit 1
  查询结果（数量）: 1
  耗时: 3.4501ms
[2026-04-16 09:58:35] DEBUG  sql 日志链
  sql执行语句: SELECT count(*) FROM information_schema.tables WHERE table_schema = 'springboot3' AND table_name = 'login_log' AND table_type = 'BASE TABLE'
  查询结果（数量）: -1
  耗时: 5.7708ms
[2026-04-16 09:58:35] DEBUG  sql 日志链
  查询结果（数量）: -1
  耗时: 2.0526ms
  sql执行语句: SELECT DATABASE()
[2026-04-16 09:58:35] DEBUG  sql 日志链
  sql执行语句: SELECT SCHEMA_NAME from Information_schema.SCHEMATA where SCHEMA_NAME LIKE 'springboot3%' ORDER BY SCHEMA_NAME='springboot3' DESC,SCHEMA_NAME limit 1
  查询结果（数量）: 1
  耗时: 4.8089ms
[2026-04-16 09:58:35] DEBUG  sql 日志链
  sql执行语句: SELECT * FROM `login_log` LIMIT 1
  查询结果（数量）: -1
  耗时: 7.7839ms
[2026-04-16 09:58:35] DEBUG  sql 日志链
  sql执行语句: SELECT column_name, column_default, is_nullable = 'YES', data_type, character_maximum_length, column_type, column_key, extra, column_comment, numeric_precision, numeric_scale , datetime_precision FROM information_schema.columns WHERE table_schema = 'springboot3' AND table_name = 'login_log' ORDER BY ORDINAL_POSITION
  查询结果（数量）: -1
  耗时: 5.5477ms
[2026-04-16 09:58:35] DEBUG  sql 日志链
  sql执行语句: ALTER TABLE `login_log` MODIFY COLUMN `updated_at` datetime(3) NOT NULL DEFAULT CURRENT_TIMESTAMP(3) ON UPDATE CURRENT_TIMESTAMP(3)
  查询结果（数量）: 0
  耗时: 62.7675ms
[2026-04-16 09:58:35] DEBUG  sql 日志链
  耗时: 2.4054ms
  sql执行语句: SELECT DATABASE()
  查询结果（数量）: -1
[2026-04-16 09:58:35] DEBUG  sql 日志链
  sql执行语句: SELECT SCHEMA_NAME from Information_schema.SCHEMATA where SCHEMA_NAME LIKE 'springboot3%' ORDER BY SCHEMA_NAME='springboot3' DESC,SCHEMA_NAME limit 1
  查询结果（数量）: 1
  耗时: 4.0223ms
[2026-04-16 09:58:35] DEBUG  sql 日志链
  sql执行语句: 
SELECT
	TABLE_NAME,
	COLUMN_NAME,
	INDEX_NAME,
	NON_UNIQUE 
FROM
	information_schema.STATISTICS 
WHERE
	TABLE_SCHEMA = 'springboot3' 
	AND TABLE_NAME = 'login_log' 
ORDER BY
	INDEX_NAME,
	SEQ_IN_INDEX
  查询结果（数量）: 3
  耗时: 7.429ms
[2026-04-16 09:58:35] DEBUG  sql 日志链
  sql执行语句: SELECT DATABASE()
  查询结果（数量）: -1
  耗时: 2.2403ms
[2026-04-16 09:58:35] DEBUG  sql 日志链
  sql执行语句: SELECT SCHEMA_NAME from Information_schema.SCHEMATA where SCHEMA_NAME LIKE 'springboot3%' ORDER BY SCHEMA_NAME='springboot3' DESC,SCHEMA_NAME limit 1
  查询结果（数量）: 1
  耗时: 3.4764ms
[2026-04-16 09:58:35] DEBUG  sql 日志链
  sql执行语句: SELECT count(*) FROM INFORMATION_SCHEMA.table_constraints WHERE constraint_schema = 'springboot3' AND table_name = 'login_log' AND constraint_name = 'uni_login_log_content'
  查询结果（数量）: -1
  耗时: 7.4941ms
[2026-04-16 09:58:35] DEBUG  sql 日志链
  sql执行语句: SELECT DATABASE()
  查询结果（数量）: -1
  耗时: 1.3664ms
[2026-04-16 09:58:35] DEBUG  sql 日志链
  sql执行语句: SELECT SCHEMA_NAME from Information_schema.SCHEMATA where SCHEMA_NAME LIKE 'springboot3%' ORDER BY SCHEMA_NAME='springboot3' DESC,SCHEMA_NAME limit 1
  查询结果（数量）: 1
  耗时: 2.3248ms
[2026-04-16 09:58:35] DEBUG  sql 日志链
  耗时: 2.1971ms
  sql执行语句: SELECT count(*) FROM information_schema.statistics WHERE table_schema = 'springboot3' AND table_name = 'login_log' AND index_name = 'idx_login_log_content'
  查询结果（数量）: -1
[2026-04-16 09:58:35] DEBUG  sql 日志链
  查询结果（数量）: -1
  耗时: 1.0744ms
  sql执行语句: SELECT DATABASE()
[2026-04-16 09:58:35] DEBUG  sql 日志链
  sql执行语句: SELECT SCHEMA_NAME from Information_schema.SCHEMATA where SCHEMA_NAME LIKE 'springboot3%' ORDER BY SCHEMA_NAME='springboot3' DESC,SCHEMA_NAME limit 1
  查询结果（数量）: 1
  耗时: 3.645ms
[2026-04-16 09:58:35] DEBUG  sql 日志链
  sql执行语句: SELECT count(*) FROM information_schema.statistics WHERE table_schema = 'springboot3' AND table_name = 'login_log' AND index_name = 'idx_login_log_deleted_at'
  查询结果（数量）: -1
  耗时: 4.3585ms
[2026-04-16 09:58:35] DEBUG  sql 日志链
  查询结果（数量）: -1
  耗时: 1.0809ms
  sql执行语句: SELECT DATABASE()
[2026-04-16 09:58:35] DEBUG  sql 日志链
  sql执行语句: SELECT SCHEMA_NAME from Information_schema.SCHEMATA where SCHEMA_NAME LIKE 'springboot3%' ORDER BY SCHEMA_NAME='springboot3' DESC,SCHEMA_NAME limit 1
  查询结果（数量）: 1
  耗时: 2.6652ms
[2026-04-16 09:58:35] DEBUG  sql 日志链
  sql执行语句: SELECT count(*) FROM information_schema.statistics WHERE table_schema = 'springboot3' AND table_name = 'login_log' AND index_name = 'idx_login_log_content'
  查询结果（数量）: -1
  耗时: 2.7907ms
[2026-04-16 09:58:45] INFO   HTTP request
  Files: map[FieldName:file FileName:MR9360-public.png Size:2923535]
  method: POST
  contentType: multipart/form-data
  path: /config/upload
  status: 200
  client_ip: ::1
  latency_ms: 0
  user_agent: Mozilla/5.0 (Windows NT 10.0; Win64; x64) AppleWebKit/537.36 (KHTML, like Gecko) Chrome/147.0.0.0 Safari/537.36
