2026-04-10T00:29:53.152+0800	INFO	fxevent/zap.go:51	provided	{"constructor": "go.uber.org/fx.New.func1()", "stacktrace": ["go.uber.org/fx.New (C:/Users/Administrator/go/pkg/mod/go.uber.org/fx@v1.24.0/app.go:481)", "main.main (D:/work/go/template/sever/gin-template/main.go:58)", "runtime.main (D:/Tools/gvm/go/src/runtime/proc.go:285)"], "moduletrace": ["go.uber.org/fx.New (C:/Users/Administrator/go/pkg/mod/go.uber.org/fx@v1.24.0/app.go:481)", "main.main (D:/work/go/template/sever/gin-template/main.go:58)"], "type": "fx.Lifecycle"}
2026-04-10T00:29:53.152+0800	INFO	fxevent/zap.go:51	provided	{"constructor": "go.uber.org/fx.(*App).shutdowner-fm()", "stacktrace": ["go.uber.org/fx.New (C:/Users/Administrator/go/pkg/mod/go.uber.org/fx@v1.24.0/app.go:481)", "main.main (D:/work/go/template/sever/gin-template/main.go:58)", "runtime.main (D:/Tools/gvm/go/src/runtime/proc.go:285)"], "moduletrace": ["go.uber.org/fx.New (C:/Users/Administrator/go/pkg/mod/go.uber.org/fx@v1.24.0/app.go:481)", "main.main (D:/work/go/template/sever/gin-template/main.go:58)"], "type": "fx.Shutdowner"}
2026-04-10T00:29:53.152+0800	INFO	fxevent/zap.go:51	provided	{"constructor": "go.uber.org/fx.(*App).dotGraph-fm()", "stacktrace": ["go.uber.org/fx.New (C:/Users/Administrator/go/pkg/mod/go.uber.org/fx@v1.24.0/app.go:481)", "main.main (D:/work/go/template/sever/gin-template/main.go:58)", "runtime.main (D:/Tools/gvm/go/src/runtime/proc.go:285)"], "moduletrace": ["go.uber.org/fx.New (C:/Users/Administrator/go/pkg/mod/go.uber.org/fx@v1.24.0/app.go:481)", "main.main (D:/work/go/template/sever/gin-template/main.go:58)"], "type": "fx.DotGraph"}
2026-04-10T00:29:53.153+0800	INFO	fxevent/zap.go:51	provided	{"constructor": "main.main.func2()", "stacktrace": ["main.main (D:/work/go/template/sever/gin-template/main.go:59)", "runtime.main (D:/Tools/gvm/go/src/runtime/proc.go:285)"], "moduletrace": ["main.main (D:/work/go/template/sever/gin-template/main.go:59)", "main.main (D:/work/go/template/sever/gin-template/main.go:58)"], "type": "*zap.SugaredLogger"}
2026-04-10T00:29:53.153+0800	INFO	fxevent/zap.go:51	provided	{"constructor": "main.main.func4()", "stacktrace": ["main.main (D:/work/go/template/sever/gin-template/main.go:67)", "runtime.main (D:/Tools/gvm/go/src/runtime/proc.go:285)"], "moduletrace": ["main.main (D:/work/go/template/sever/gin-template/main.go:67)", "main.main (D:/work/go/template/sever/gin-template/main.go:58)"], "type": "*types.AppConfig"}
2026-04-10T00:29:53.153+0800	INFO	fxevent/zap.go:51	provided	{"constructor": "example.com/t/core.NewAppServer()", "stacktrace": ["main.main (D:/work/go/template/sever/gin-template/main.go:78)", "runtime.main (D:/Tools/gvm/go/src/runtime/proc.go:285)"], "moduletrace": ["main.main (D:/work/go/template/sever/gin-template/main.go:78)", "main.main (D:/work/go/template/sever/gin-template/main.go:58)"], "type": "*core.AppServer"}
2026-04-10T00:29:53.153+0800	INFO	fxevent/zap.go:51	provided	{"constructor": "main.NewAppLifeCycle()", "stacktrace": ["main.main (D:/work/go/template/sever/gin-template/main.go:87)", "runtime.main (D:/Tools/gvm/go/src/runtime/proc.go:285)"], "moduletrace": ["main.main (D:/work/go/template/sever/gin-template/main.go:87)", "main.main (D:/work/go/template/sever/gin-template/main.go:58)"], "type": "*main.AppLifecycle"}
2026-04-10T00:29:53.153+0800	INFO	fxevent/zap.go:51	before run	{"name": "main.main.func2()", "kind": "provide"}
2026-04-10T00:29:53.153+0800	INFO	fxevent/zap.go:51	run	{"name": "main.main.func2()", "kind": "provide", "runtime": "23µs"}
2026-04-10T00:29:53.153+0800	INFO	fxevent/zap.go:51	initialized custom fxevent.Logger	{"function": "main.main.func3()"}
2026-04-10T00:29:53.153+0800	INFO	fxevent/zap.go:51	invoking	{"function": "main.main.func5()"}
2026-04-10T00:29:53.153+0800	INFO	fxevent/zap.go:51	before run	{"name": "main.main.func4()", "kind": "provide"}
2026-04-10T00:29:53.153+0800	INFO	core/config.go:27	创建配置文件: config.toml
2026-04-10T00:29:53.153+0800	INFO	fxevent/zap.go:51	run	{"name": "main.main.func4()", "kind": "provide", "runtime": "532.8µs"}
2026-04-10T00:29:53.153+0800	INFO	fxevent/zap.go:51	before run	{"name": "example.com/t/core.NewAppServer()", "kind": "provide"}
2026-04-10T00:29:53.154+0800	INFO	fxevent/zap.go:51	run	{"name": "example.com/t/core.NewAppServer()", "kind": "provide", "runtime": "22.8µs"}
2026-04-10T00:29:53.154+0800	INFO	fxevent/zap.go:51	invoking	{"function": "main.main.func6()"}
2026-04-10T00:29:53.154+0800	INFO	fxevent/zap.go:51	invoking	{"function": "main.main.func7()"}
2026-04-10T00:29:53.154+0800	INFO	fxevent/zap.go:51	before run	{"name": "go.uber.org/fx.New.func1()", "kind": "provide"}
2026-04-10T00:29:53.155+0800	INFO	fxevent/zap.go:51	run	{"name": "go.uber.org/fx.New.func1()", "kind": "provide", "runtime": "18.7µs"}
2026-04-10T00:29:53.155+0800	INFO	fxevent/zap.go:51	before run	{"name": "main.NewAppLifeCycle()", "kind": "provide"}
2026-04-10T00:29:53.155+0800	INFO	fxevent/zap.go:51	run	{"name": "main.NewAppLifeCycle()", "kind": "provide", "runtime": "0s"}
2026-04-10T00:29:53.155+0800	INFO	fxevent/zap.go:51	OnStart hook executing	{"callee": "main.main.func7.1()", "caller": "main.main.func7"}
2026-04-10T00:29:53.155+0800	INFO	gin-template/main.go:30	监听服务启动
2026-04-10T00:29:53.155+0800	INFO	fxevent/zap.go:51	OnStart hook executed	{"callee": "main.main.func7.1()", "caller": "main.main.func7", "runtime": "0s"}
2026-04-10T00:29:53.155+0800	INFO	fxevent/zap.go:51	started
2026-04-10T00:30:05.055+0800	INFO	fxevent/zap.go:51	OnStop hook executing	{"callee": "main.main.func7.2()", "caller": "main.main.func7"}
2026-04-10T00:30:05.056+0800	INFO	fxevent/zap.go:51	OnStop hook executed	{"callee": "main.main.func7.2()", "caller": "main.main.func7", "runtime": "0s"}
2026-04-10T00:30:05.056+0800	ERROR	fxevent/zap.go:59	stop failed	{"error": "goroutine exited without returning"}
2026-04-10T00:30:06.031+0800	INFO	fxevent/zap.go:51	provided	{"constructor": "go.uber.org/fx.New.func1()", "stacktrace": ["go.uber.org/fx.New (C:/Users/Administrator/go/pkg/mod/go.uber.org/fx@v1.24.0/app.go:481)", "main.main (D:/work/go/template/sever/gin-template/main.go:58)", "runtime.main (D:/Tools/gvm/go/src/runtime/proc.go:285)"], "moduletrace": ["go.uber.org/fx.New (C:/Users/Administrator/go/pkg/mod/go.uber.org/fx@v1.24.0/app.go:481)", "main.main (D:/work/go/template/sever/gin-template/main.go:58)"], "type": "fx.Lifecycle"}
2026-04-10T00:30:06.031+0800	INFO	fxevent/zap.go:51	provided	{"constructor": "go.uber.org/fx.(*App).shutdowner-fm()", "stacktrace": ["go.uber.org/fx.New (C:/Users/Administrator/go/pkg/mod/go.uber.org/fx@v1.24.0/app.go:481)", "main.main (D:/work/go/template/sever/gin-template/main.go:58)", "runtime.main (D:/Tools/gvm/go/src/runtime/proc.go:285)"], "moduletrace": ["go.uber.org/fx.New (C:/Users/Administrator/go/pkg/mod/go.uber.org/fx@v1.24.0/app.go:481)", "main.main (D:/work/go/template/sever/gin-template/main.go:58)"], "type": "fx.Shutdowner"}
2026-04-10T00:30:06.031+0800	INFO	fxevent/zap.go:51	provided	{"constructor": "go.uber.org/fx.(*App).dotGraph-fm()", "stacktrace": ["go.uber.org/fx.New (C:/Users/Administrator/go/pkg/mod/go.uber.org/fx@v1.24.0/app.go:481)", "main.main (D:/work/go/template/sever/gin-template/main.go:58)", "runtime.main (D:/Tools/gvm/go/src/runtime/proc.go:285)"], "moduletrace": ["go.uber.org/fx.New (C:/Users/Administrator/go/pkg/mod/go.uber.org/fx@v1.24.0/app.go:481)", "main.main (D:/work/go/template/sever/gin-template/main.go:58)"], "type": "fx.DotGraph"}
2026-04-10T00:30:06.031+0800	INFO	fxevent/zap.go:51	provided	{"constructor": "main.main.func2()", "stacktrace": ["main.main (D:/work/go/template/sever/gin-template/main.go:59)", "runtime.main (D:/Tools/gvm/go/src/runtime/proc.go:285)"], "moduletrace": ["main.main (D:/work/go/template/sever/gin-template/main.go:59)", "main.main (D:/work/go/template/sever/gin-template/main.go:58)"], "type": "*zap.SugaredLogger"}
2026-04-10T00:30:06.031+0800	INFO	fxevent/zap.go:51	provided	{"constructor": "main.main.func4()", "stacktrace": ["main.main (D:/work/go/template/sever/gin-template/main.go:67)", "runtime.main (D:/Tools/gvm/go/src/runtime/proc.go:285)"], "moduletrace": ["main.main (D:/work/go/template/sever/gin-template/main.go:67)", "main.main (D:/work/go/template/sever/gin-template/main.go:58)"], "type": "*types.AppConfig"}
2026-04-10T00:30:06.031+0800	INFO	fxevent/zap.go:51	provided	{"constructor": "example.com/t/core.NewAppServer()", "stacktrace": ["main.main (D:/work/go/template/sever/gin-template/main.go:78)", "runtime.main (D:/Tools/gvm/go/src/runtime/proc.go:285)"], "moduletrace": ["main.main (D:/work/go/template/sever/gin-template/main.go:78)", "main.main (D:/work/go/template/sever/gin-template/main.go:58)"], "type": "*core.AppServer"}
2026-04-10T00:30:06.031+0800	INFO	fxevent/zap.go:51	provided	{"constructor": "main.NewAppLifeCycle()", "stacktrace": ["main.main (D:/work/go/template/sever/gin-template/main.go:87)", "runtime.main (D:/Tools/gvm/go/src/runtime/proc.go:285)"], "moduletrace": ["main.main (D:/work/go/template/sever/gin-template/main.go:87)", "main.main (D:/work/go/template/sever/gin-template/main.go:58)"], "type": "*main.AppLifecycle"}
2026-04-10T00:30:06.031+0800	INFO	fxevent/zap.go:51	before run	{"name": "main.main.func2()", "kind": "provide"}
2026-04-10T00:30:06.031+0800	INFO	fxevent/zap.go:51	run	{"name": "main.main.func2()", "kind": "provide", "runtime": "41.4µs"}
2026-04-10T00:30:06.031+0800	INFO	fxevent/zap.go:51	initialized custom fxevent.Logger	{"function": "main.main.func3()"}
2026-04-10T00:30:06.031+0800	INFO	fxevent/zap.go:51	invoking	{"function": "main.main.func5()"}
2026-04-10T00:30:06.031+0800	INFO	fxevent/zap.go:51	before run	{"name": "main.main.func4()", "kind": "provide"}
2026-04-10T00:30:06.032+0800	INFO	fxevent/zap.go:51	run	{"name": "main.main.func4()", "kind": "provide", "runtime": "568.4µs"}
2026-04-10T00:30:06.032+0800	INFO	fxevent/zap.go:51	before run	{"name": "example.com/t/core.NewAppServer()", "kind": "provide"}
2026-04-10T00:30:06.032+0800	INFO	fxevent/zap.go:51	run	{"name": "example.com/t/core.NewAppServer()", "kind": "provide", "runtime": "0s"}
2026-04-10T00:30:06.032+0800	INFO	fxevent/zap.go:51	invoking	{"function": "main.main.func6()"}
2026-04-10T00:30:06.032+0800	INFO	fxevent/zap.go:51	invoking	{"function": "main.main.func7()"}
2026-04-10T00:30:06.032+0800	INFO	fxevent/zap.go:51	before run	{"name": "go.uber.org/fx.New.func1()", "kind": "provide"}
2026-04-10T00:30:06.032+0800	INFO	fxevent/zap.go:51	run	{"name": "go.uber.org/fx.New.func1()", "kind": "provide", "runtime": "0s"}
2026-04-10T00:30:06.032+0800	INFO	fxevent/zap.go:51	before run	{"name": "main.NewAppLifeCycle()", "kind": "provide"}
2026-04-10T00:30:06.032+0800	INFO	fxevent/zap.go:51	run	{"name": "main.NewAppLifeCycle()", "kind": "provide", "runtime": "0s"}
2026-04-10T00:30:06.032+0800	INFO	fxevent/zap.go:51	OnStart hook executing	{"callee": "main.main.func7.1()", "caller": "main.main.func7"}
2026-04-10T00:30:06.032+0800	INFO	gin-template/main.go:30	监听服务启动
2026-04-10T00:30:06.032+0800	INFO	fxevent/zap.go:51	OnStart hook executed	{"callee": "main.main.func7.1()", "caller": "main.main.func7", "runtime": "0s"}
2026-04-10T00:30:06.032+0800	INFO	fxevent/zap.go:51	started












2026-04-10T00:30:34.031+0800	INFO	fxevent/zap.go:51	OnStop hook executing	{"callee": "main.main.func7.2()", "caller": "main.main.func7"}
2026-04-10T00:30:34.031+0800	INFO	fxevent/zap.go:51	OnStop hook executed	{"callee": "main.main.func7.2()", "caller": "main.main.func7", "runtime": "0s"}
2026-04-10T00:30:35.458+0800	INFO	fxevent/zap.go:51	provided	{"constructor": "go.uber.org/fx.New.func1()", "stacktrace": ["go.uber.org/fx.New (C:/Users/Administrator/go/pkg/mod/go.uber.org/fx@v1.24.0/app.go:481)", "main.main (D:/work/go/template/sever/gin-template/main.go:58)", "runtime.main (D:/Tools/gvm/go/src/runtime/proc.go:285)"], "moduletrace": ["go.uber.org/fx.New (C:/Users/Administrator/go/pkg/mod/go.uber.org/fx@v1.24.0/app.go:481)", "main.main (D:/work/go/template/sever/gin-template/main.go:58)"], "type": "fx.Lifecycle"}
2026-04-10T00:30:35.459+0800	INFO	fxevent/zap.go:51	provided	{"constructor": "go.uber.org/fx.(*App).shutdowner-fm()", "stacktrace": ["go.uber.org/fx.New (C:/Users/Administrator/go/pkg/mod/go.uber.org/fx@v1.24.0/app.go:481)", "main.main (D:/work/go/template/sever/gin-template/main.go:58)", "runtime.main (D:/Tools/gvm/go/src/runtime/proc.go:285)"], "moduletrace": ["go.uber.org/fx.New (C:/Users/Administrator/go/pkg/mod/go.uber.org/fx@v1.24.0/app.go:481)", "main.main (D:/work/go/template/sever/gin-template/main.go:58)"], "type": "fx.Shutdowner"}
2026-04-10T00:30:35.459+0800	INFO	fxevent/zap.go:51	provided	{"constructor": "go.uber.org/fx.(*App).dotGraph-fm()", "stacktrace": ["go.uber.org/fx.New (C:/Users/Administrator/go/pkg/mod/go.uber.org/fx@v1.24.0/app.go:481)", "main.main (D:/work/go/template/sever/gin-template/main.go:58)", "runtime.main (D:/Tools/gvm/go/src/runtime/proc.go:285)"], "moduletrace": ["go.uber.org/fx.New (C:/Users/Administrator/go/pkg/mod/go.uber.org/fx@v1.24.0/app.go:481)", "main.main (D:/work/go/template/sever/gin-template/main.go:58)"], "type": "fx.DotGraph"}
2026-04-10T00:30:35.459+0800	INFO	fxevent/zap.go:51	provided	{"constructor": "main.main.func2()", "stacktrace": ["main.main (D:/work/go/template/sever/gin-template/main.go:59)", "runtime.main (D:/Tools/gvm/go/src/runtime/proc.go:285)"], "moduletrace": ["main.main (D:/work/go/template/sever/gin-template/main.go:59)", "main.main (D:/work/go/template/sever/gin-template/main.go:58)"], "type": "*zap.SugaredLogger"}
2026-04-10T00:30:35.459+0800	INFO	fxevent/zap.go:51	provided	{"constructor": "main.main.func4()", "stacktrace": ["main.main (D:/work/go/template/sever/gin-template/main.go:67)", "runtime.main (D:/Tools/gvm/go/src/runtime/proc.go:285)"], "moduletrace": ["main.main (D:/work/go/template/sever/gin-template/main.go:67)", "main.main (D:/work/go/template/sever/gin-template/main.go:58)"], "type": "*types.AppConfig"}
2026-04-10T00:30:35.459+0800	INFO	fxevent/zap.go:51	provided	{"constructor": "example.com/t/core.NewAppServer()", "stacktrace": ["main.main (D:/work/go/template/sever/gin-template/main.go:78)", "runtime.main (D:/Tools/gvm/go/src/runtime/proc.go:285)"], "moduletrace": ["main.main (D:/work/go/template/sever/gin-template/main.go:78)", "main.main (D:/work/go/template/sever/gin-template/main.go:58)"], "type": "*core.AppServer"}
2026-04-10T00:30:35.459+0800	INFO	fxevent/zap.go:51	provided	{"constructor": "main.NewAppLifeCycle()", "stacktrace": ["main.main (D:/work/go/template/sever/gin-template/main.go:87)", "runtime.main (D:/Tools/gvm/go/src/runtime/proc.go:285)"], "moduletrace": ["main.main (D:/work/go/template/sever/gin-template/main.go:87)", "main.main (D:/work/go/template/sever/gin-template/main.go:58)"], "type": "*main.AppLifecycle"}
2026-04-10T00:30:35.459+0800	INFO	fxevent/zap.go:51	before run	{"name": "main.main.func2()", "kind": "provide"}
2026-04-10T00:30:35.459+0800	INFO	fxevent/zap.go:51	run	{"name": "main.main.func2()", "kind": "provide", "runtime": "0s"}
2026-04-10T00:30:35.459+0800	INFO	fxevent/zap.go:51	initialized custom fxevent.Logger	{"function": "main.main.func3()"}
2026-04-10T00:30:35.459+0800	INFO	fxevent/zap.go:51	invoking	{"function": "main.main.func5()"}
2026-04-10T00:30:35.459+0800	INFO	fxevent/zap.go:51	before run	{"name": "main.main.func4()", "kind": "provide"}
2026-04-10T00:30:35.460+0800	INFO	fxevent/zap.go:51	run	{"name": "main.main.func4()", "kind": "provide", "runtime": "534µs"}
2026-04-10T00:30:35.460+0800	INFO	fxevent/zap.go:51	before run	{"name": "example.com/t/core.NewAppServer()", "kind": "provide"}
2026-04-10T00:30:35.460+0800	INFO	fxevent/zap.go:51	run	{"name": "example.com/t/core.NewAppServer()", "kind": "provide", "runtime": "0s"}
2026-04-10T00:30:35.460+0800	INFO	fxevent/zap.go:51	invoking	{"function": "main.main.func6()"}
2026-04-10T00:30:35.460+0800	INFO	fxevent/zap.go:51	invoking	{"function": "main.main.func7()"}
2026-04-10T00:30:35.460+0800	INFO	fxevent/zap.go:51	before run	{"name": "go.uber.org/fx.New.func1()", "kind": "provide"}
2026-04-10T00:30:35.460+0800	INFO	fxevent/zap.go:51	run	{"name": "go.uber.org/fx.New.func1()", "kind": "provide", "runtime": "0s"}
2026-04-10T00:30:35.460+0800	INFO	fxevent/zap.go:51	before run	{"name": "main.NewAppLifeCycle()", "kind": "provide"}
2026-04-10T00:30:35.460+0800	INFO	fxevent/zap.go:51	run	{"name": "main.NewAppLifeCycle()", "kind": "provide", "runtime": "0s"}
2026-04-10T00:30:35.460+0800	INFO	fxevent/zap.go:51	OnStart hook executing	{"callee": "main.main.func7.1()", "caller": "main.main.func7"}
2026-04-10T00:30:35.460+0800	INFO	gin-template/main.go:30	监听服务启动
2026-04-10T00:30:35.460+0800	INFO	fxevent/zap.go:51	OnStart hook executed	{"callee": "main.main.func7.1()", "caller": "main.main.func7", "runtime": "0s"}
2026-04-10T00:30:35.460+0800	INFO	fxevent/zap.go:51	started
2026-04-10T00:42:10.660+0800	INFO	fxevent/zap.go:51	OnStop hook executing	{"callee": "main.main.func7.2()", "caller": "main.main.func7"}
2026-04-10T00:42:10.660+0800	INFO	fxevent/zap.go:51	OnStop hook executed	{"callee": "main.main.func7.2()", "caller": "main.main.func7", "runtime": "0s"}
2026-04-10T00:42:12.822+0800	INFO	fxevent/zap.go:51	provided	{"constructor": "go.uber.org/fx.New.func1()", "stacktrace": ["go.uber.org/fx.New (C:/Users/Administrator/go/pkg/mod/go.uber.org/fx@v1.24.0/app.go:481)", "main.main (D:/work/go/template/sever/gin-template/main.go:58)", "runtime.main (D:/Tools/gvm/go/src/runtime/proc.go:285)"], "moduletrace": ["go.uber.org/fx.New (C:/Users/Administrator/go/pkg/mod/go.uber.org/fx@v1.24.0/app.go:481)", "main.main (D:/work/go/template/sever/gin-template/main.go:58)"], "type": "fx.Lifecycle"}
2026-04-10T00:42:12.823+0800	INFO	fxevent/zap.go:51	provided	{"constructor": "go.uber.org/fx.(*App).shutdowner-fm()", "stacktrace": ["go.uber.org/fx.New (C:/Users/Administrator/go/pkg/mod/go.uber.org/fx@v1.24.0/app.go:481)", "main.main (D:/work/go/template/sever/gin-template/main.go:58)", "runtime.main (D:/Tools/gvm/go/src/runtime/proc.go:285)"], "moduletrace": ["go.uber.org/fx.New (C:/Users/Administrator/go/pkg/mod/go.uber.org/fx@v1.24.0/app.go:481)", "main.main (D:/work/go/template/sever/gin-template/main.go:58)"], "type": "fx.Shutdowner"}
2026-04-10T00:42:12.823+0800	INFO	fxevent/zap.go:51	provided	{"constructor": "go.uber.org/fx.(*App).dotGraph-fm()", "stacktrace": ["go.uber.org/fx.New (C:/Users/Administrator/go/pkg/mod/go.uber.org/fx@v1.24.0/app.go:481)", "main.main (D:/work/go/template/sever/gin-template/main.go:58)", "runtime.main (D:/Tools/gvm/go/src/runtime/proc.go:285)"], "moduletrace": ["go.uber.org/fx.New (C:/Users/Administrator/go/pkg/mod/go.uber.org/fx@v1.24.0/app.go:481)", "main.main (D:/work/go/template/sever/gin-template/main.go:58)"], "type": "fx.DotGraph"}
2026-04-10T00:42:12.823+0800	INFO	fxevent/zap.go:51	provided	{"constructor": "main.main.func2()", "stacktrace": ["main.main (D:/work/go/template/sever/gin-template/main.go:59)", "runtime.main (D:/Tools/gvm/go/src/runtime/proc.go:285)"], "moduletrace": ["main.main (D:/work/go/template/sever/gin-template/main.go:59)", "main.main (D:/work/go/template/sever/gin-template/main.go:58)"], "type": "*zap.SugaredLogger"}
2026-04-10T00:42:12.823+0800	INFO	fxevent/zap.go:51	provided	{"constructor": "main.main.func4()", "stacktrace": ["main.main (D:/work/go/template/sever/gin-template/main.go:67)", "runtime.main (D:/Tools/gvm/go/src/runtime/proc.go:285)"], "moduletrace": ["main.main (D:/work/go/template/sever/gin-template/main.go:67)", "main.main (D:/work/go/template/sever/gin-template/main.go:58)"], "type": "*types.AppConfig"}
2026-04-10T00:42:12.823+0800	INFO	fxevent/zap.go:51	provided	{"constructor": "example.com/t/core.NewAppServer()", "stacktrace": ["main.main (D:/work/go/template/sever/gin-template/main.go:78)", "runtime.main (D:/Tools/gvm/go/src/runtime/proc.go:285)"], "moduletrace": ["main.main (D:/work/go/template/sever/gin-template/main.go:78)", "main.main (D:/work/go/template/sever/gin-template/main.go:58)"], "type": "*core.AppServer"}
2026-04-10T00:42:12.823+0800	INFO	fxevent/zap.go:51	provided	{"constructor": "main.NewAppLifeCycle()", "stacktrace": ["main.main (D:/work/go/template/sever/gin-template/main.go:87)", "runtime.main (D:/Tools/gvm/go/src/runtime/proc.go:285)"], "moduletrace": ["main.main (D:/work/go/template/sever/gin-template/main.go:87)", "main.main (D:/work/go/template/sever/gin-template/main.go:58)"], "type": "*main.AppLifecycle"}
2026-04-10T00:42:12.823+0800	INFO	fxevent/zap.go:51	before run	{"name": "main.main.func2()", "kind": "provide"}
2026-04-10T00:42:12.823+0800	INFO	fxevent/zap.go:51	run	{"name": "main.main.func2()", "kind": "provide", "runtime": "0s"}
2026-04-10T00:42:12.823+0800	INFO	fxevent/zap.go:51	initialized custom fxevent.Logger	{"function": "main.main.func3()"}
2026-04-10T00:42:12.823+0800	INFO	fxevent/zap.go:51	invoking	{"function": "main.main.func5()"}
2026-04-10T00:42:12.823+0800	INFO	fxevent/zap.go:51	before run	{"name": "main.main.func4()", "kind": "provide"}
2026-04-10T00:42:12.824+0800	INFO	fxevent/zap.go:51	run	{"name": "main.main.func4()", "kind": "provide", "runtime": "1.0012ms"}
2026-04-10T00:42:12.824+0800	INFO	fxevent/zap.go:51	before run	{"name": "example.com/t/core.NewAppServer()", "kind": "provide"}
2026-04-10T00:42:12.824+0800	INFO	fxevent/zap.go:51	run	{"name": "example.com/t/core.NewAppServer()", "kind": "provide", "runtime": "0s"}
2026-04-10T00:42:12.824+0800	INFO	fxevent/zap.go:51	invoking	{"function": "main.main.func6()"}
2026-04-10T00:42:12.824+0800	INFO	fxevent/zap.go:51	invoking	{"function": "main.main.func7()"}
2026-04-10T00:42:12.824+0800	INFO	fxevent/zap.go:51	before run	{"name": "go.uber.org/fx.New.func1()", "kind": "provide"}
2026-04-10T00:42:12.824+0800	INFO	fxevent/zap.go:51	run	{"name": "go.uber.org/fx.New.func1()", "kind": "provide", "runtime": "0s"}
2026-04-10T00:42:12.824+0800	INFO	fxevent/zap.go:51	before run	{"name": "main.NewAppLifeCycle()", "kind": "provide"}
2026-04-10T00:42:12.824+0800	INFO	fxevent/zap.go:51	run	{"name": "main.NewAppLifeCycle()", "kind": "provide", "runtime": "0s"}
2026-04-10T00:42:12.825+0800	INFO	fxevent/zap.go:51	OnStart hook executing	{"callee": "main.main.func7.1()", "caller": "main.main.func7"}
2026-04-10T00:42:12.825+0800	INFO	gin-template/main.go:30	监听服务启动
2026-04-10T00:42:12.825+0800	INFO	fxevent/zap.go:51	OnStart hook executed	{"callee": "main.main.func7.1()", "caller": "main.main.func7", "runtime": "0s"}
2026-04-10T00:42:12.825+0800	INFO	fxevent/zap.go:51	started
2026-04-10T00:42:18.529+0800	INFO	fxevent/zap.go:51	OnStop hook executing	{"callee": "main.main.func7.2()", "caller": "main.main.func7"}
2026-04-10T00:42:18.529+0800	INFO	fxevent/zap.go:51	OnStop hook executed	{"callee": "main.main.func7.2()", "caller": "main.main.func7", "runtime": "0s"}
2026-04-10T00:42:20.267+0800	INFO	fxevent/zap.go:51	provided	{"constructor": "go.uber.org/fx.New.func1()", "stacktrace": ["go.uber.org/fx.New (C:/Users/Administrator/go/pkg/mod/go.uber.org/fx@v1.24.0/app.go:481)", "main.main (D:/work/go/template/sever/gin-template/main.go:58)", "runtime.main (D:/Tools/gvm/go/src/runtime/proc.go:285)"], "moduletrace": ["go.uber.org/fx.New (C:/Users/Administrator/go/pkg/mod/go.uber.org/fx@v1.24.0/app.go:481)", "main.main (D:/work/go/template/sever/gin-template/main.go:58)"], "type": "fx.Lifecycle"}
2026-04-10T00:42:20.267+0800	INFO	fxevent/zap.go:51	provided	{"constructor": "go.uber.org/fx.(*App).shutdowner-fm()", "stacktrace": ["go.uber.org/fx.New (C:/Users/Administrator/go/pkg/mod/go.uber.org/fx@v1.24.0/app.go:481)", "main.main (D:/work/go/template/sever/gin-template/main.go:58)", "runtime.main (D:/Tools/gvm/go/src/runtime/proc.go:285)"], "moduletrace": ["go.uber.org/fx.New (C:/Users/Administrator/go/pkg/mod/go.uber.org/fx@v1.24.0/app.go:481)", "main.main (D:/work/go/template/sever/gin-template/main.go:58)"], "type": "fx.Shutdowner"}
2026-04-10T00:42:20.267+0800	INFO	fxevent/zap.go:51	provided	{"constructor": "go.uber.org/fx.(*App).dotGraph-fm()", "stacktrace": ["go.uber.org/fx.New (C:/Users/Administrator/go/pkg/mod/go.uber.org/fx@v1.24.0/app.go:481)", "main.main (D:/work/go/template/sever/gin-template/main.go:58)", "runtime.main (D:/Tools/gvm/go/src/runtime/proc.go:285)"], "moduletrace": ["go.uber.org/fx.New (C:/Users/Administrator/go/pkg/mod/go.uber.org/fx@v1.24.0/app.go:481)", "main.main (D:/work/go/template/sever/gin-template/main.go:58)"], "type": "fx.DotGraph"}
2026-04-10T00:42:20.267+0800	INFO	fxevent/zap.go:51	provided	{"constructor": "main.main.func2()", "stacktrace": ["main.main (D:/work/go/template/sever/gin-template/main.go:59)", "runtime.main (D:/Tools/gvm/go/src/runtime/proc.go:285)"], "moduletrace": ["main.main (D:/work/go/template/sever/gin-template/main.go:59)", "main.main (D:/work/go/template/sever/gin-template/main.go:58)"], "type": "*zap.SugaredLogger"}
2026-04-10T00:42:20.267+0800	INFO	fxevent/zap.go:51	provided	{"constructor": "main.main.func4()", "stacktrace": ["main.main (D:/work/go/template/sever/gin-template/main.go:67)", "runtime.main (D:/Tools/gvm/go/src/runtime/proc.go:285)"], "moduletrace": ["main.main (D:/work/go/template/sever/gin-template/main.go:67)", "main.main (D:/work/go/template/sever/gin-template/main.go:58)"], "type": "*types.AppConfig"}
2026-04-10T00:42:20.267+0800	INFO	fxevent/zap.go:51	provided	{"constructor": "example.com/t/core.NewAppServer()", "stacktrace": ["main.main (D:/work/go/template/sever/gin-template/main.go:78)", "runtime.main (D:/Tools/gvm/go/src/runtime/proc.go:285)"], "moduletrace": ["main.main (D:/work/go/template/sever/gin-template/main.go:78)", "main.main (D:/work/go/template/sever/gin-template/main.go:58)"], "type": "*core.AppServer"}
2026-04-10T00:42:20.267+0800	INFO	fxevent/zap.go:51	provided	{"constructor": "main.NewAppLifeCycle()", "stacktrace": ["main.main (D:/work/go/template/sever/gin-template/main.go:87)", "runtime.main (D:/Tools/gvm/go/src/runtime/proc.go:285)"], "moduletrace": ["main.main (D:/work/go/template/sever/gin-template/main.go:87)", "main.main (D:/work/go/template/sever/gin-template/main.go:58)"], "type": "*main.AppLifecycle"}
2026-04-10T00:42:20.267+0800	INFO	fxevent/zap.go:51	before run	{"name": "main.main.func2()", "kind": "provide"}
2026-04-10T00:42:20.268+0800	INFO	fxevent/zap.go:51	run	{"name": "main.main.func2()", "kind": "provide", "runtime": "0s"}
2026-04-10T00:42:20.268+0800	INFO	fxevent/zap.go:51	initialized custom fxevent.Logger	{"function": "main.main.func3()"}
2026-04-10T00:42:20.268+0800	INFO	fxevent/zap.go:51	invoking	{"function": "main.main.func5()"}
2026-04-10T00:42:20.268+0800	INFO	fxevent/zap.go:51	before run	{"name": "main.main.func4()", "kind": "provide"}
2026-04-10T00:42:20.268+0800	INFO	fxevent/zap.go:51	run	{"name": "main.main.func4()", "kind": "provide", "runtime": "0s"}
2026-04-10T00:42:20.268+0800	INFO	fxevent/zap.go:51	before run	{"name": "example.com/t/core.NewAppServer()", "kind": "provide"}
2026-04-10T00:42:20.268+0800	INFO	fxevent/zap.go:51	run	{"name": "example.com/t/core.NewAppServer()", "kind": "provide", "runtime": "0s"}
2026-04-10T00:42:20.268+0800	INFO	fxevent/zap.go:51	invoking	{"function": "main.main.func6()"}
2026-04-10T00:42:20.268+0800	INFO	fxevent/zap.go:51	invoking	{"function": "main.main.func7()"}
2026-04-10T00:42:20.268+0800	INFO	fxevent/zap.go:51	before run	{"name": "go.uber.org/fx.New.func1()", "kind": "provide"}
2026-04-10T00:42:20.268+0800	INFO	fxevent/zap.go:51	run	{"name": "go.uber.org/fx.New.func1()", "kind": "provide", "runtime": "0s"}
2026-04-10T00:42:20.268+0800	INFO	fxevent/zap.go:51	before run	{"name": "main.NewAppLifeCycle()", "kind": "provide"}
2026-04-10T00:42:20.268+0800	INFO	fxevent/zap.go:51	run	{"name": "main.NewAppLifeCycle()", "kind": "provide", "runtime": "0s"}
2026-04-10T00:42:20.268+0800	INFO	fxevent/zap.go:51	OnStart hook executing	{"callee": "main.main.func7.1()", "caller": "main.main.func7"}
2026-04-10T00:42:20.269+0800	INFO	gin-template/main.go:30	监听服务启动
2026-04-10T00:42:20.269+0800	INFO	fxevent/zap.go:51	OnStart hook executed	{"callee": "main.main.func7.1()", "caller": "main.main.func7", "runtime": "10µs"}
2026-04-10T00:42:20.269+0800	INFO	fxevent/zap.go:51	started
2026-04-10T00:46:44.051+0800	INFO	fxevent/zap.go:51	OnStop hook executing	{"callee": "main.main.func7.2()", "caller": "main.main.func7"}
2026-04-10T00:46:44.051+0800	INFO	fxevent/zap.go:51	OnStop hook executed	{"callee": "main.main.func7.2()", "caller": "main.main.func7", "runtime": "0s"}
2026-04-10T00:46:44.052+0800	ERROR	fxevent/zap.go:59	stop failed	{"error": "goroutine exited without returning"}
2026-04-10T00:46:46.436+0800	INFO	fxevent/zap.go:51	provided	{"constructor": "go.uber.org/fx.New.func1()", "stacktrace": ["go.uber.org/fx.New (C:/Users/Administrator/go/pkg/mod/go.uber.org/fx@v1.24.0/app.go:481)", "main.main (D:/work/go/template/sever/gin-template/main.go:59)", "runtime.main (D:/Tools/gvm/go/src/runtime/proc.go:285)"], "moduletrace": ["go.uber.org/fx.New (C:/Users/Administrator/go/pkg/mod/go.uber.org/fx@v1.24.0/app.go:481)", "main.main (D:/work/go/template/sever/gin-template/main.go:59)"], "type": "fx.Lifecycle"}
2026-04-10T00:46:46.436+0800	INFO	fxevent/zap.go:51	provided	{"constructor": "go.uber.org/fx.(*App).shutdowner-fm()", "stacktrace": ["go.uber.org/fx.New (C:/Users/Administrator/go/pkg/mod/go.uber.org/fx@v1.24.0/app.go:481)", "main.main (D:/work/go/template/sever/gin-template/main.go:59)", "runtime.main (D:/Tools/gvm/go/src/runtime/proc.go:285)"], "moduletrace": ["go.uber.org/fx.New (C:/Users/Administrator/go/pkg/mod/go.uber.org/fx@v1.24.0/app.go:481)", "main.main (D:/work/go/template/sever/gin-template/main.go:59)"], "type": "fx.Shutdowner"}
2026-04-10T00:46:46.436+0800	INFO	fxevent/zap.go:51	provided	{"constructor": "go.uber.org/fx.(*App).dotGraph-fm()", "stacktrace": ["go.uber.org/fx.New (C:/Users/Administrator/go/pkg/mod/go.uber.org/fx@v1.24.0/app.go:481)", "main.main (D:/work/go/template/sever/gin-template/main.go:59)", "runtime.main (D:/Tools/gvm/go/src/runtime/proc.go:285)"], "moduletrace": ["go.uber.org/fx.New (C:/Users/Administrator/go/pkg/mod/go.uber.org/fx@v1.24.0/app.go:481)", "main.main (D:/work/go/template/sever/gin-template/main.go:59)"], "type": "fx.DotGraph"}
2026-04-10T00:46:46.436+0800	INFO	fxevent/zap.go:51	provided	{"constructor": "main.main.func2()", "stacktrace": ["main.main (D:/work/go/template/sever/gin-template/main.go:60)", "runtime.main (D:/Tools/gvm/go/src/runtime/proc.go:285)"], "moduletrace": ["main.main (D:/work/go/template/sever/gin-template/main.go:60)", "main.main (D:/work/go/template/sever/gin-template/main.go:59)"], "type": "*zap.SugaredLogger"}
2026-04-10T00:46:46.436+0800	INFO	fxevent/zap.go:51	provided	{"constructor": "main.main.func4()", "stacktrace": ["main.main (D:/work/go/template/sever/gin-template/main.go:68)", "runtime.main (D:/Tools/gvm/go/src/runtime/proc.go:285)"], "moduletrace": ["main.main (D:/work/go/template/sever/gin-template/main.go:68)", "main.main (D:/work/go/template/sever/gin-template/main.go:59)"], "type": "*types.AppConfig"}
2026-04-10T00:46:46.436+0800	INFO	fxevent/zap.go:51	provided	{"constructor": "example.com/t/core.NewAppServer()", "stacktrace": ["main.main (D:/work/go/template/sever/gin-template/main.go:79)", "runtime.main (D:/Tools/gvm/go/src/runtime/proc.go:285)"], "moduletrace": ["main.main (D:/work/go/template/sever/gin-template/main.go:79)", "main.main (D:/work/go/template/sever/gin-template/main.go:59)"], "type": "*core.AppServer"}
2026-04-10T00:46:46.436+0800	INFO	fxevent/zap.go:51	provided	{"constructor": "main.NewAppLifeCycle()", "stacktrace": ["main.main (D:/work/go/template/sever/gin-template/main.go:89)", "runtime.main (D:/Tools/gvm/go/src/runtime/proc.go:285)"], "moduletrace": ["main.main (D:/work/go/template/sever/gin-template/main.go:89)", "main.main (D:/work/go/template/sever/gin-template/main.go:59)"], "type": "*main.AppLifecycle"}
2026-04-10T00:46:46.436+0800	INFO	fxevent/zap.go:51	before run	{"name": "main.main.func2()", "kind": "provide"}
2026-04-10T00:46:46.436+0800	INFO	fxevent/zap.go:51	run	{"name": "main.main.func2()", "kind": "provide", "runtime": "0s"}
2026-04-10T00:46:46.436+0800	INFO	fxevent/zap.go:51	initialized custom fxevent.Logger	{"function": "main.main.func3()"}
2026-04-10T00:46:46.436+0800	INFO	fxevent/zap.go:51	invoking	{"function": "main.main.func5()"}
2026-04-10T00:46:46.436+0800	INFO	fxevent/zap.go:51	before run	{"name": "main.main.func4()", "kind": "provide"}
2026-04-10T00:46:46.436+0800	INFO	fxevent/zap.go:51	run	{"name": "main.main.func4()", "kind": "provide", "runtime": "0s"}
2026-04-10T00:46:46.437+0800	INFO	fxevent/zap.go:51	before run	{"name": "example.com/t/core.NewAppServer()", "kind": "provide"}
2026-04-10T00:46:46.437+0800	INFO	fxevent/zap.go:51	run	{"name": "example.com/t/core.NewAppServer()", "kind": "provide", "runtime": "0s"}
2026-04-10T00:46:46.437+0800	INFO	fxevent/zap.go:51	invoking	{"function": "main.main.func6()"}
2026-04-10T00:46:46.437+0800	INFO	fxevent/zap.go:51	invoking	{"function": "main.main.func7()"}
2026-04-10T00:46:46.437+0800	INFO	fxevent/zap.go:51	before run	{"name": "go.uber.org/fx.New.func1()", "kind": "provide"}
2026-04-10T00:46:46.437+0800	INFO	fxevent/zap.go:51	run	{"name": "go.uber.org/fx.New.func1()", "kind": "provide", "runtime": "0s"}
2026-04-10T00:46:46.437+0800	INFO	fxevent/zap.go:51	before run	{"name": "main.NewAppLifeCycle()", "kind": "provide"}
2026-04-10T00:46:46.437+0800	INFO	fxevent/zap.go:51	run	{"name": "main.NewAppLifeCycle()", "kind": "provide", "runtime": "0s"}
2026-04-10T00:46:46.437+0800	INFO	fxevent/zap.go:51	OnStart hook executing	{"callee": "main.main.func7.1()", "caller": "main.main.func7"}
2026-04-10T00:46:46.437+0800	INFO	gin-template/main.go:31	监听服务启动
2026-04-10T00:46:46.437+0800	INFO	fxevent/zap.go:51	OnStart hook executed	{"callee": "main.main.func7.1()", "caller": "main.main.func7", "runtime": "0s"}
2026-04-10T00:46:46.437+0800	INFO	fxevent/zap.go:51	started
2026-04-10T00:47:54.300+0800	INFO	fxevent/zap.go:51	OnStop hook executing	{"callee": "main.main.func7.2()", "caller": "main.main.func7"}
2026-04-10T00:47:54.300+0800	INFO	fxevent/zap.go:51	OnStop hook executed	{"callee": "main.main.func7.2()", "caller": "main.main.func7", "runtime": "0s"}
2026-04-10T00:47:56.444+0800	INFO	fxevent/zap.go:51	provided	{"constructor": "go.uber.org/fx.New.func1()", "stacktrace": ["go.uber.org/fx.New (C:/Users/Administrator/go/pkg/mod/go.uber.org/fx@v1.24.0/app.go:481)", "main.main (D:/work/go/template/sever/gin-template/main.go:59)", "runtime.main (D:/Tools/gvm/go/src/runtime/proc.go:285)"], "moduletrace": ["go.uber.org/fx.New (C:/Users/Administrator/go/pkg/mod/go.uber.org/fx@v1.24.0/app.go:481)", "main.main (D:/work/go/template/sever/gin-template/main.go:59)"], "type": "fx.Lifecycle"}
2026-04-10T00:47:56.444+0800	INFO	fxevent/zap.go:51	provided	{"constructor": "go.uber.org/fx.(*App).shutdowner-fm()", "stacktrace": ["go.uber.org/fx.New (C:/Users/Administrator/go/pkg/mod/go.uber.org/fx@v1.24.0/app.go:481)", "main.main (D:/work/go/template/sever/gin-template/main.go:59)", "runtime.main (D:/Tools/gvm/go/src/runtime/proc.go:285)"], "moduletrace": ["go.uber.org/fx.New (C:/Users/Administrator/go/pkg/mod/go.uber.org/fx@v1.24.0/app.go:481)", "main.main (D:/work/go/template/sever/gin-template/main.go:59)"], "type": "fx.Shutdowner"}
2026-04-10T00:47:56.444+0800	INFO	fxevent/zap.go:51	provided	{"constructor": "go.uber.org/fx.(*App).dotGraph-fm()", "stacktrace": ["go.uber.org/fx.New (C:/Users/Administrator/go/pkg/mod/go.uber.org/fx@v1.24.0/app.go:481)", "main.main (D:/work/go/template/sever/gin-template/main.go:59)", "runtime.main (D:/Tools/gvm/go/src/runtime/proc.go:285)"], "moduletrace": ["go.uber.org/fx.New (C:/Users/Administrator/go/pkg/mod/go.uber.org/fx@v1.24.0/app.go:481)", "main.main (D:/work/go/template/sever/gin-template/main.go:59)"], "type": "fx.DotGraph"}
2026-04-10T00:47:56.444+0800	INFO	fxevent/zap.go:51	provided	{"constructor": "main.main.func2()", "stacktrace": ["main.main (D:/work/go/template/sever/gin-template/main.go:60)", "runtime.main (D:/Tools/gvm/go/src/runtime/proc.go:285)"], "moduletrace": ["main.main (D:/work/go/template/sever/gin-template/main.go:60)", "main.main (D:/work/go/template/sever/gin-template/main.go:59)"], "type": "*zap.SugaredLogger"}
2026-04-10T00:47:56.444+0800	INFO	fxevent/zap.go:51	provided	{"constructor": "main.main.func4()", "stacktrace": ["main.main (D:/work/go/template/sever/gin-template/main.go:68)", "runtime.main (D:/Tools/gvm/go/src/runtime/proc.go:285)"], "moduletrace": ["main.main (D:/work/go/template/sever/gin-template/main.go:68)", "main.main (D:/work/go/template/sever/gin-template/main.go:59)"], "type": "*types.AppConfig"}
2026-04-10T00:47:56.444+0800	INFO	fxevent/zap.go:51	provided	{"constructor": "example.com/t/core.NewAppServer()", "stacktrace": ["main.main (D:/work/go/template/sever/gin-template/main.go:79)", "runtime.main (D:/Tools/gvm/go/src/runtime/proc.go:285)"], "moduletrace": ["main.main (D:/work/go/template/sever/gin-template/main.go:79)", "main.main (D:/work/go/template/sever/gin-template/main.go:59)"], "type": "*core.AppServer"}
2026-04-10T00:47:56.445+0800	INFO	fxevent/zap.go:51	provided	{"constructor": "main.NewAppLifeCycle()", "stacktrace": ["main.main (D:/work/go/template/sever/gin-template/main.go:95)", "runtime.main (D:/Tools/gvm/go/src/runtime/proc.go:285)"], "moduletrace": ["main.main (D:/work/go/template/sever/gin-template/main.go:95)", "main.main (D:/work/go/template/sever/gin-template/main.go:59)"], "type": "*main.AppLifecycle"}
2026-04-10T00:47:56.445+0800	INFO	fxevent/zap.go:51	before run	{"name": "main.main.func2()", "kind": "provide"}
2026-04-10T00:47:56.445+0800	INFO	fxevent/zap.go:51	run	{"name": "main.main.func2()", "kind": "provide", "runtime": "0s"}
2026-04-10T00:47:56.445+0800	INFO	fxevent/zap.go:51	initialized custom fxevent.Logger	{"function": "main.main.func3()"}
2026-04-10T00:47:56.445+0800	INFO	fxevent/zap.go:51	invoking	{"function": "main.main.func5()"}
2026-04-10T00:47:56.445+0800	INFO	fxevent/zap.go:51	before run	{"name": "main.main.func4()", "kind": "provide"}
2026-04-10T00:47:56.445+0800	INFO	fxevent/zap.go:51	run	{"name": "main.main.func4()", "kind": "provide", "runtime": "0s"}
2026-04-10T00:47:56.445+0800	INFO	fxevent/zap.go:51	before run	{"name": "example.com/t/core.NewAppServer()", "kind": "provide"}
2026-04-10T00:47:56.445+0800	INFO	fxevent/zap.go:51	run	{"name": "example.com/t/core.NewAppServer()", "kind": "provide", "runtime": "0s"}
2026-04-10T00:47:56.446+0800	INFO	fxevent/zap.go:51	invoking	{"function": "main.main.func6()"}
2026-04-10T00:47:56.446+0800	INFO	fxevent/zap.go:51	invoking	{"function": "main.main.func7()"}
2026-04-10T00:47:56.446+0800	INFO	fxevent/zap.go:51	before run	{"name": "go.uber.org/fx.New.func1()", "kind": "provide"}
2026-04-10T00:47:56.446+0800	INFO	fxevent/zap.go:51	run	{"name": "go.uber.org/fx.New.func1()", "kind": "provide", "runtime": "0s"}
2026-04-10T00:47:56.446+0800	INFO	fxevent/zap.go:51	before run	{"name": "main.NewAppLifeCycle()", "kind": "provide"}
2026-04-10T00:47:56.446+0800	INFO	fxevent/zap.go:51	run	{"name": "main.NewAppLifeCycle()", "kind": "provide", "runtime": "0s"}
2026-04-10T00:47:56.446+0800	INFO	fxevent/zap.go:51	OnStart hook executing	{"callee": "main.main.func7.1()", "caller": "main.main.func7"}
2026-04-10T00:47:56.446+0800	INFO	gin-template/main.go:31	监听服务启动
2026-04-10T00:47:56.447+0800	INFO	fxevent/zap.go:51	OnStart hook executed	{"callee": "main.main.func7.1()", "caller": "main.main.func7", "runtime": "1.0035ms"}
2026-04-10T00:47:56.447+0800	INFO	fxevent/zap.go:51	started
2026-04-10T00:48:59.565+0800	INFO	fxevent/zap.go:51	OnStop hook executing	{"callee": "main.main.func7.2()", "caller": "main.main.func7"}
2026-04-10T00:48:59.566+0800	INFO	fxevent/zap.go:51	OnStop hook executed	{"callee": "main.main.func7.2()", "caller": "main.main.func7", "runtime": "0s"}
2026-04-10T00:49:01.439+0800	INFO	fxevent/zap.go:51	provided	{"constructor": "go.uber.org/fx.New.func1()", "stacktrace": ["go.uber.org/fx.New (C:/Users/Administrator/go/pkg/mod/go.uber.org/fx@v1.24.0/app.go:481)", "main.main (D:/work/go/template/sever/gin-template/main.go:59)", "runtime.main (D:/Tools/gvm/go/src/runtime/proc.go:285)"], "moduletrace": ["go.uber.org/fx.New (C:/Users/Administrator/go/pkg/mod/go.uber.org/fx@v1.24.0/app.go:481)", "main.main (D:/work/go/template/sever/gin-template/main.go:59)"], "type": "fx.Lifecycle"}
2026-04-10T00:49:01.440+0800	INFO	fxevent/zap.go:51	provided	{"constructor": "go.uber.org/fx.(*App).shutdowner-fm()", "stacktrace": ["go.uber.org/fx.New (C:/Users/Administrator/go/pkg/mod/go.uber.org/fx@v1.24.0/app.go:481)", "main.main (D:/work/go/template/sever/gin-template/main.go:59)", "runtime.main (D:/Tools/gvm/go/src/runtime/proc.go:285)"], "moduletrace": ["go.uber.org/fx.New (C:/Users/Administrator/go/pkg/mod/go.uber.org/fx@v1.24.0/app.go:481)", "main.main (D:/work/go/template/sever/gin-template/main.go:59)"], "type": "fx.Shutdowner"}
2026-04-10T00:49:01.440+0800	INFO	fxevent/zap.go:51	provided	{"constructor": "go.uber.org/fx.(*App).dotGraph-fm()", "stacktrace": ["go.uber.org/fx.New (C:/Users/Administrator/go/pkg/mod/go.uber.org/fx@v1.24.0/app.go:481)", "main.main (D:/work/go/template/sever/gin-template/main.go:59)", "runtime.main (D:/Tools/gvm/go/src/runtime/proc.go:285)"], "moduletrace": ["go.uber.org/fx.New (C:/Users/Administrator/go/pkg/mod/go.uber.org/fx@v1.24.0/app.go:481)", "main.main (D:/work/go/template/sever/gin-template/main.go:59)"], "type": "fx.DotGraph"}
2026-04-10T00:49:01.440+0800	INFO	fxevent/zap.go:51	provided	{"constructor": "main.main.func2()", "stacktrace": ["main.main (D:/work/go/template/sever/gin-template/main.go:60)", "runtime.main (D:/Tools/gvm/go/src/runtime/proc.go:285)"], "moduletrace": ["main.main (D:/work/go/template/sever/gin-template/main.go:60)", "main.main (D:/work/go/template/sever/gin-template/main.go:59)"], "type": "*zap.SugaredLogger"}
2026-04-10T00:49:01.440+0800	INFO	fxevent/zap.go:51	provided	{"constructor": "main.main.func4()", "stacktrace": ["main.main (D:/work/go/template/sever/gin-template/main.go:68)", "runtime.main (D:/Tools/gvm/go/src/runtime/proc.go:285)"], "moduletrace": ["main.main (D:/work/go/template/sever/gin-template/main.go:68)", "main.main (D:/work/go/template/sever/gin-template/main.go:59)"], "type": "*types.AppConfig"}
2026-04-10T00:49:01.440+0800	INFO	fxevent/zap.go:51	provided	{"constructor": "example.com/t/core.NewAppServer()", "stacktrace": ["main.main (D:/work/go/template/sever/gin-template/main.go:79)", "runtime.main (D:/Tools/gvm/go/src/runtime/proc.go:285)"], "moduletrace": ["main.main (D:/work/go/template/sever/gin-template/main.go:79)", "main.main (D:/work/go/template/sever/gin-template/main.go:59)"], "type": "*core.AppServer"}
2026-04-10T00:49:01.440+0800	INFO	fxevent/zap.go:51	provided	{"constructor": "main.NewAppLifeCycle()", "stacktrace": ["main.main (D:/work/go/template/sever/gin-template/main.go:94)", "runtime.main (D:/Tools/gvm/go/src/runtime/proc.go:285)"], "moduletrace": ["main.main (D:/work/go/template/sever/gin-template/main.go:94)", "main.main (D:/work/go/template/sever/gin-template/main.go:59)"], "type": "*main.AppLifecycle"}
2026-04-10T00:49:01.440+0800	INFO	fxevent/zap.go:51	before run	{"name": "main.main.func2()", "kind": "provide"}
2026-04-10T00:49:01.440+0800	INFO	fxevent/zap.go:51	run	{"name": "main.main.func2()", "kind": "provide", "runtime": "0s"}
2026-04-10T00:49:01.440+0800	INFO	fxevent/zap.go:51	initialized custom fxevent.Logger	{"function": "main.main.func3()"}
2026-04-10T00:49:01.440+0800	INFO	fxevent/zap.go:51	invoking	{"function": "main.main.func5()"}
2026-04-10T00:49:01.440+0800	INFO	fxevent/zap.go:51	before run	{"name": "main.main.func4()", "kind": "provide"}
2026-04-10T00:49:01.440+0800	INFO	fxevent/zap.go:51	run	{"name": "main.main.func4()", "kind": "provide", "runtime": "0s"}
2026-04-10T00:49:01.440+0800	INFO	fxevent/zap.go:51	before run	{"name": "example.com/t/core.NewAppServer()", "kind": "provide"}
2026-04-10T00:49:01.440+0800	INFO	fxevent/zap.go:51	run	{"name": "example.com/t/core.NewAppServer()", "kind": "provide", "runtime": "0s"}
2026-04-10T00:49:01.441+0800	INFO	fxevent/zap.go:51	invoking	{"function": "main.main.func6()"}
2026-04-10T00:49:01.441+0800	INFO	fxevent/zap.go:51	invoking	{"function": "main.main.func7()"}
2026-04-10T00:49:01.441+0800	INFO	fxevent/zap.go:51	before run	{"name": "go.uber.org/fx.New.func1()", "kind": "provide"}
2026-04-10T00:49:01.441+0800	INFO	fxevent/zap.go:51	run	{"name": "go.uber.org/fx.New.func1()", "kind": "provide", "runtime": "0s"}
2026-04-10T00:49:01.441+0800	INFO	fxevent/zap.go:51	before run	{"name": "main.NewAppLifeCycle()", "kind": "provide"}
2026-04-10T00:49:01.441+0800	INFO	fxevent/zap.go:51	run	{"name": "main.NewAppLifeCycle()", "kind": "provide", "runtime": "0s"}
2026-04-10T00:49:01.441+0800	INFO	fxevent/zap.go:51	OnStart hook executing	{"callee": "main.main.func7.1()", "caller": "main.main.func7"}
2026-04-10T00:49:01.441+0800	INFO	gin-template/main.go:31	监听服务启动
2026-04-10T00:49:01.442+0800	INFO	fxevent/zap.go:51	OnStart hook executed	{"callee": "main.main.func7.1()", "caller": "main.main.func7", "runtime": "1.0028ms"}
2026-04-10T00:49:01.442+0800	INFO	fxevent/zap.go:51	started
2026-04-10T00:49:17.508+0800	INFO	fxevent/zap.go:51	OnStop hook executing	{"callee": "main.main.func7.2()", "caller": "main.main.func7"}
2026-04-10T00:49:17.508+0800	INFO	fxevent/zap.go:51	OnStop hook executed	{"callee": "main.main.func7.2()", "caller": "main.main.func7", "runtime": "0s"}
2026-04-10T00:49:19.698+0800	INFO	fxevent/zap.go:51	provided	{"constructor": "go.uber.org/fx.New.func1()", "stacktrace": ["go.uber.org/fx.New (C:/Users/Administrator/go/pkg/mod/go.uber.org/fx@v1.24.0/app.go:481)", "main.main (D:/work/go/template/sever/gin-template/main.go:59)", "runtime.main (D:/Tools/gvm/go/src/runtime/proc.go:285)"], "moduletrace": ["go.uber.org/fx.New (C:/Users/Administrator/go/pkg/mod/go.uber.org/fx@v1.24.0/app.go:481)", "main.main (D:/work/go/template/sever/gin-template/main.go:59)"], "type": "fx.Lifecycle"}
2026-04-10T00:49:19.699+0800	INFO	fxevent/zap.go:51	provided	{"constructor": "go.uber.org/fx.(*App).shutdowner-fm()", "stacktrace": ["go.uber.org/fx.New (C:/Users/Administrator/go/pkg/mod/go.uber.org/fx@v1.24.0/app.go:481)", "main.main (D:/work/go/template/sever/gin-template/main.go:59)", "runtime.main (D:/Tools/gvm/go/src/runtime/proc.go:285)"], "moduletrace": ["go.uber.org/fx.New (C:/Users/Administrator/go/pkg/mod/go.uber.org/fx@v1.24.0/app.go:481)", "main.main (D:/work/go/template/sever/gin-template/main.go:59)"], "type": "fx.Shutdowner"}
2026-04-10T00:49:19.699+0800	INFO	fxevent/zap.go:51	provided	{"constructor": "go.uber.org/fx.(*App).dotGraph-fm()", "stacktrace": ["go.uber.org/fx.New (C:/Users/Administrator/go/pkg/mod/go.uber.org/fx@v1.24.0/app.go:481)", "main.main (D:/work/go/template/sever/gin-template/main.go:59)", "runtime.main (D:/Tools/gvm/go/src/runtime/proc.go:285)"], "moduletrace": ["go.uber.org/fx.New (C:/Users/Administrator/go/pkg/mod/go.uber.org/fx@v1.24.0/app.go:481)", "main.main (D:/work/go/template/sever/gin-template/main.go:59)"], "type": "fx.DotGraph"}
2026-04-10T00:49:19.699+0800	INFO	fxevent/zap.go:51	provided	{"constructor": "main.main.func2()", "stacktrace": ["main.main (D:/work/go/template/sever/gin-template/main.go:60)", "runtime.main (D:/Tools/gvm/go/src/runtime/proc.go:285)"], "moduletrace": ["main.main (D:/work/go/template/sever/gin-template/main.go:60)", "main.main (D:/work/go/template/sever/gin-template/main.go:59)"], "type": "*zap.SugaredLogger"}
2026-04-10T00:49:19.699+0800	INFO	fxevent/zap.go:51	provided	{"constructor": "main.main.func4()", "stacktrace": ["main.main (D:/work/go/template/sever/gin-template/main.go:68)", "runtime.main (D:/Tools/gvm/go/src/runtime/proc.go:285)"], "moduletrace": ["main.main (D:/work/go/template/sever/gin-template/main.go:68)", "main.main (D:/work/go/template/sever/gin-template/main.go:59)"], "type": "*types.AppConfig"}
2026-04-10T00:49:19.699+0800	INFO	fxevent/zap.go:51	provided	{"constructor": "example.com/t/core.NewAppServer()", "stacktrace": ["main.main (D:/work/go/template/sever/gin-template/main.go:79)", "runtime.main (D:/Tools/gvm/go/src/runtime/proc.go:285)"], "moduletrace": ["main.main (D:/work/go/template/sever/gin-template/main.go:79)", "main.main (D:/work/go/template/sever/gin-template/main.go:59)"], "type": "*core.AppServer"}
2026-04-10T00:49:19.699+0800	INFO	fxevent/zap.go:51	provided	{"constructor": "main.NewAppLifeCycle()", "stacktrace": ["main.main (D:/work/go/template/sever/gin-template/main.go:94)", "runtime.main (D:/Tools/gvm/go/src/runtime/proc.go:285)"], "moduletrace": ["main.main (D:/work/go/template/sever/gin-template/main.go:94)", "main.main (D:/work/go/template/sever/gin-template/main.go:59)"], "type": "*main.AppLifecycle"}
2026-04-10T00:49:19.699+0800	INFO	fxevent/zap.go:51	before run	{"name": "main.main.func2()", "kind": "provide"}
2026-04-10T00:49:19.699+0800	INFO	fxevent/zap.go:51	run	{"name": "main.main.func2()", "kind": "provide", "runtime": "0s"}
2026-04-10T00:49:19.699+0800	INFO	fxevent/zap.go:51	initialized custom fxevent.Logger	{"function": "main.main.func3()"}
2026-04-10T00:49:19.699+0800	INFO	fxevent/zap.go:51	invoking	{"function": "main.main.func5()"}
2026-04-10T00:49:19.699+0800	INFO	fxevent/zap.go:51	before run	{"name": "main.main.func4()", "kind": "provide"}
2026-04-10T00:49:19.700+0800	INFO	fxevent/zap.go:51	run	{"name": "main.main.func4()", "kind": "provide", "runtime": "999.2µs"}
2026-04-10T00:49:19.700+0800	INFO	fxevent/zap.go:51	before run	{"name": "example.com/t/core.NewAppServer()", "kind": "provide"}
2026-04-10T00:49:19.700+0800	INFO	fxevent/zap.go:51	run	{"name": "example.com/t/core.NewAppServer()", "kind": "provide", "runtime": "0s"}
2026-04-10T00:49:19.700+0800	INFO	fxevent/zap.go:51	invoking	{"function": "main.main.func6()"}
2026-04-10T00:49:19.700+0800	INFO	fxevent/zap.go:51	invoking	{"function": "main.main.func7()"}
2026-04-10T00:49:19.700+0800	INFO	fxevent/zap.go:51	before run	{"name": "go.uber.org/fx.New.func1()", "kind": "provide"}
2026-04-10T00:49:19.700+0800	INFO	fxevent/zap.go:51	run	{"name": "go.uber.org/fx.New.func1()", "kind": "provide", "runtime": "0s"}
2026-04-10T00:49:19.700+0800	INFO	fxevent/zap.go:51	before run	{"name": "main.NewAppLifeCycle()", "kind": "provide"}
2026-04-10T00:49:19.700+0800	INFO	fxevent/zap.go:51	run	{"name": "main.NewAppLifeCycle()", "kind": "provide", "runtime": "0s"}
2026-04-10T00:49:19.701+0800	INFO	fxevent/zap.go:51	OnStart hook executing	{"callee": "main.main.func7.1()", "caller": "main.main.func7"}
2026-04-10T00:49:19.701+0800	INFO	gin-template/main.go:31	监听服务启动
2026-04-10T00:49:19.701+0800	INFO	fxevent/zap.go:51	OnStart hook executed	{"callee": "main.main.func7.1()", "caller": "main.main.func7", "runtime": "0s"}
2026-04-10T00:49:19.701+0800	INFO	fxevent/zap.go:51	started
2026-04-10T00:50:08.283+0800	INFO	fxevent/zap.go:51	OnStop hook executing	{"callee": "main.main.func7.2()", "caller": "main.main.func7"}
2026-04-10T00:50:08.283+0800	INFO	fxevent/zap.go:51	OnStop hook executed	{"callee": "main.main.func7.2()", "caller": "main.main.func7", "runtime": "0s"}
2026-04-10T00:50:08.283+0800	ERROR	fxevent/zap.go:59	stop failed	{"error": "goroutine exited without returning"}
2026-04-10T00:50:10.093+0800	INFO	fxevent/zap.go:51	provided	{"constructor": "go.uber.org/fx.New.func1()", "stacktrace": ["go.uber.org/fx.New (C:/Users/Administrator/go/pkg/mod/go.uber.org/fx@v1.24.0/app.go:481)", "main.main (D:/work/go/template/sever/gin-template/main.go:59)", "runtime.main (D:/Tools/gvm/go/src/runtime/proc.go:285)"], "moduletrace": ["go.uber.org/fx.New (C:/Users/Administrator/go/pkg/mod/go.uber.org/fx@v1.24.0/app.go:481)", "main.main (D:/work/go/template/sever/gin-template/main.go:59)"], "type": "fx.Lifecycle"}
2026-04-10T00:50:10.093+0800	INFO	fxevent/zap.go:51	provided	{"constructor": "go.uber.org/fx.(*App).shutdowner-fm()", "stacktrace": ["go.uber.org/fx.New (C:/Users/Administrator/go/pkg/mod/go.uber.org/fx@v1.24.0/app.go:481)", "main.main (D:/work/go/template/sever/gin-template/main.go:59)", "runtime.main (D:/Tools/gvm/go/src/runtime/proc.go:285)"], "moduletrace": ["go.uber.org/fx.New (C:/Users/Administrator/go/pkg/mod/go.uber.org/fx@v1.24.0/app.go:481)", "main.main (D:/work/go/template/sever/gin-template/main.go:59)"], "type": "fx.Shutdowner"}
2026-04-10T00:50:10.093+0800	INFO	fxevent/zap.go:51	provided	{"constructor": "go.uber.org/fx.(*App).dotGraph-fm()", "stacktrace": ["go.uber.org/fx.New (C:/Users/Administrator/go/pkg/mod/go.uber.org/fx@v1.24.0/app.go:481)", "main.main (D:/work/go/template/sever/gin-template/main.go:59)", "runtime.main (D:/Tools/gvm/go/src/runtime/proc.go:285)"], "moduletrace": ["go.uber.org/fx.New (C:/Users/Administrator/go/pkg/mod/go.uber.org/fx@v1.24.0/app.go:481)", "main.main (D:/work/go/template/sever/gin-template/main.go:59)"], "type": "fx.DotGraph"}
2026-04-10T00:50:10.093+0800	INFO	fxevent/zap.go:51	provided	{"constructor": "main.main.func2()", "stacktrace": ["main.main (D:/work/go/template/sever/gin-template/main.go:60)", "runtime.main (D:/Tools/gvm/go/src/runtime/proc.go:285)"], "moduletrace": ["main.main (D:/work/go/template/sever/gin-template/main.go:60)", "main.main (D:/work/go/template/sever/gin-template/main.go:59)"], "type": "*zap.SugaredLogger"}
2026-04-10T00:50:10.093+0800	INFO	fxevent/zap.go:51	provided	{"constructor": "main.main.func4()", "stacktrace": ["main.main (D:/work/go/template/sever/gin-template/main.go:68)", "runtime.main (D:/Tools/gvm/go/src/runtime/proc.go:285)"], "moduletrace": ["main.main (D:/work/go/template/sever/gin-template/main.go:68)", "main.main (D:/work/go/template/sever/gin-template/main.go:59)"], "type": "*types.AppConfig"}
2026-04-10T00:50:10.093+0800	INFO	fxevent/zap.go:51	provided	{"constructor": "example.com/t/core.NewAppServer()", "stacktrace": ["main.main (D:/work/go/template/sever/gin-template/main.go:79)", "runtime.main (D:/Tools/gvm/go/src/runtime/proc.go:285)"], "moduletrace": ["main.main (D:/work/go/template/sever/gin-template/main.go:79)", "main.main (D:/work/go/template/sever/gin-template/main.go:59)"], "type": "*core.AppServer"}
2026-04-10T00:50:10.093+0800	INFO	fxevent/zap.go:51	provided	{"constructor": "main.NewAppLifeCycle()", "stacktrace": ["main.main (D:/work/go/template/sever/gin-template/main.go:95)", "runtime.main (D:/Tools/gvm/go/src/runtime/proc.go:285)"], "moduletrace": ["main.main (D:/work/go/template/sever/gin-template/main.go:95)", "main.main (D:/work/go/template/sever/gin-template/main.go:59)"], "type": "*main.AppLifecycle"}
2026-04-10T00:50:10.093+0800	INFO	fxevent/zap.go:51	before run	{"name": "main.main.func2()", "kind": "provide"}
2026-04-10T00:50:10.093+0800	INFO	fxevent/zap.go:51	run	{"name": "main.main.func2()", "kind": "provide", "runtime": "0s"}
2026-04-10T00:50:10.093+0800	INFO	fxevent/zap.go:51	initialized custom fxevent.Logger	{"function": "main.main.func3()"}
2026-04-10T00:50:10.093+0800	INFO	fxevent/zap.go:51	invoking	{"function": "main.main.func5()"}
2026-04-10T00:50:10.093+0800	INFO	fxevent/zap.go:51	before run	{"name": "main.main.func4()", "kind": "provide"}
2026-04-10T00:50:10.094+0800	INFO	fxevent/zap.go:51	run	{"name": "main.main.func4()", "kind": "provide", "runtime": "547.5µs"}
2026-04-10T00:50:10.094+0800	INFO	fxevent/zap.go:51	before run	{"name": "example.com/t/core.NewAppServer()", "kind": "provide"}
2026-04-10T00:50:10.094+0800	INFO	fxevent/zap.go:51	run	{"name": "example.com/t/core.NewAppServer()", "kind": "provide", "runtime": "0s"}
2026-04-10T00:50:10.094+0800	INFO	fxevent/zap.go:51	invoking	{"function": "main.main.func6()"}
2026-04-10T00:50:10.094+0800	INFO	fxevent/zap.go:51	invoking	{"function": "main.main.func7()"}
2026-04-10T00:50:10.094+0800	INFO	fxevent/zap.go:51	before run	{"name": "go.uber.org/fx.New.func1()", "kind": "provide"}
2026-04-10T00:50:10.094+0800	INFO	fxevent/zap.go:51	run	{"name": "go.uber.org/fx.New.func1()", "kind": "provide", "runtime": "0s"}
2026-04-10T00:50:10.094+0800	INFO	fxevent/zap.go:51	before run	{"name": "main.NewAppLifeCycle()", "kind": "provide"}
2026-04-10T00:50:10.094+0800	INFO	fxevent/zap.go:51	run	{"name": "main.NewAppLifeCycle()", "kind": "provide", "runtime": "8.4µs"}
2026-04-10T00:50:10.094+0800	INFO	fxevent/zap.go:51	OnStart hook executing	{"callee": "main.main.func7.1()", "caller": "main.main.func7"}
2026-04-10T00:50:10.094+0800	INFO	gin-template/main.go:31	监听服务启动
2026-04-10T00:50:10.094+0800	INFO	fxevent/zap.go:51	OnStart hook executed	{"callee": "main.main.func7.1()", "caller": "main.main.func7", "runtime": "0s"}
2026-04-10T00:50:10.094+0800	INFO	fxevent/zap.go:51	started
2026-04-10T00:51:42.975+0800	INFO	fxevent/zap.go:51	OnStop hook executing	{"callee": "main.main.func7.2()", "caller": "main.main.func7"}
2026-04-10T00:51:42.975+0800	INFO	fxevent/zap.go:51	OnStop hook executed	{"callee": "main.main.func7.2()", "caller": "main.main.func7", "runtime": "0s"}
2026-04-10T00:51:44.829+0800	INFO	fxevent/zap.go:51	provided	{"constructor": "go.uber.org/fx.New.func1()", "stacktrace": ["go.uber.org/fx.New (C:/Users/Administrator/go/pkg/mod/go.uber.org/fx@v1.24.0/app.go:481)", "main.main (D:/work/go/template/sever/gin-template/main.go:59)", "runtime.main (D:/Tools/gvm/go/src/runtime/proc.go:285)"], "moduletrace": ["go.uber.org/fx.New (C:/Users/Administrator/go/pkg/mod/go.uber.org/fx@v1.24.0/app.go:481)", "main.main (D:/work/go/template/sever/gin-template/main.go:59)"], "type": "fx.Lifecycle"}
2026-04-10T00:51:44.829+0800	INFO	fxevent/zap.go:51	provided	{"constructor": "go.uber.org/fx.(*App).shutdowner-fm()", "stacktrace": ["go.uber.org/fx.New (C:/Users/Administrator/go/pkg/mod/go.uber.org/fx@v1.24.0/app.go:481)", "main.main (D:/work/go/template/sever/gin-template/main.go:59)", "runtime.main (D:/Tools/gvm/go/src/runtime/proc.go:285)"], "moduletrace": ["go.uber.org/fx.New (C:/Users/Administrator/go/pkg/mod/go.uber.org/fx@v1.24.0/app.go:481)", "main.main (D:/work/go/template/sever/gin-template/main.go:59)"], "type": "fx.Shutdowner"}
2026-04-10T00:51:44.829+0800	INFO	fxevent/zap.go:51	provided	{"constructor": "go.uber.org/fx.(*App).dotGraph-fm()", "stacktrace": ["go.uber.org/fx.New (C:/Users/Administrator/go/pkg/mod/go.uber.org/fx@v1.24.0/app.go:481)", "main.main (D:/work/go/template/sever/gin-template/main.go:59)", "runtime.main (D:/Tools/gvm/go/src/runtime/proc.go:285)"], "moduletrace": ["go.uber.org/fx.New (C:/Users/Administrator/go/pkg/mod/go.uber.org/fx@v1.24.0/app.go:481)", "main.main (D:/work/go/template/sever/gin-template/main.go:59)"], "type": "fx.DotGraph"}
2026-04-10T00:51:44.829+0800	INFO	fxevent/zap.go:51	provided	{"constructor": "main.main.func2()", "stacktrace": ["main.main (D:/work/go/template/sever/gin-template/main.go:60)", "runtime.main (D:/Tools/gvm/go/src/runtime/proc.go:285)"], "moduletrace": ["main.main (D:/work/go/template/sever/gin-template/main.go:60)", "main.main (D:/work/go/template/sever/gin-template/main.go:59)"], "type": "*zap.SugaredLogger"}
2026-04-10T00:51:44.829+0800	INFO	fxevent/zap.go:51	provided	{"constructor": "main.main.func4()", "stacktrace": ["main.main (D:/work/go/template/sever/gin-template/main.go:68)", "runtime.main (D:/Tools/gvm/go/src/runtime/proc.go:285)"], "moduletrace": ["main.main (D:/work/go/template/sever/gin-template/main.go:68)", "main.main (D:/work/go/template/sever/gin-template/main.go:59)"], "type": "*types.AppConfig"}
2026-04-10T00:51:44.829+0800	INFO	fxevent/zap.go:51	provided	{"constructor": "example.com/t/core.NewAppServer()", "stacktrace": ["main.main (D:/work/go/template/sever/gin-template/main.go:79)", "runtime.main (D:/Tools/gvm/go/src/runtime/proc.go:285)"], "moduletrace": ["main.main (D:/work/go/template/sever/gin-template/main.go:79)", "main.main (D:/work/go/template/sever/gin-template/main.go:59)"], "type": "*core.AppServer"}
2026-04-10T00:51:44.829+0800	INFO	fxevent/zap.go:51	provided	{"constructor": "main.NewAppLifeCycle()", "stacktrace": ["main.main (D:/work/go/template/sever/gin-template/main.go:95)", "runtime.main (D:/Tools/gvm/go/src/runtime/proc.go:285)"], "moduletrace": ["main.main (D:/work/go/template/sever/gin-template/main.go:95)", "main.main (D:/work/go/template/sever/gin-template/main.go:59)"], "type": "*main.AppLifecycle"}
2026-04-10T00:51:44.829+0800	INFO	fxevent/zap.go:51	before run	{"name": "main.main.func2()", "kind": "provide"}
2026-04-10T00:51:44.829+0800	INFO	fxevent/zap.go:51	run	{"name": "main.main.func2()", "kind": "provide", "runtime": "0s"}
2026-04-10T00:51:44.829+0800	INFO	fxevent/zap.go:51	initialized custom fxevent.Logger	{"function": "main.main.func3()"}
2026-04-10T00:51:44.829+0800	INFO	fxevent/zap.go:51	invoking	{"function": "main.main.func5()"}
2026-04-10T00:51:44.829+0800	INFO	fxevent/zap.go:51	before run	{"name": "main.main.func4()", "kind": "provide"}
2026-04-10T00:51:44.829+0800	INFO	fxevent/zap.go:51	run	{"name": "main.main.func4()", "kind": "provide", "runtime": "0s"}
2026-04-10T00:51:44.829+0800	INFO	fxevent/zap.go:51	before run	{"name": "example.com/t/core.NewAppServer()", "kind": "provide"}
2026-04-10T00:51:44.829+0800	INFO	fxevent/zap.go:51	run	{"name": "example.com/t/core.NewAppServer()", "kind": "provide", "runtime": "0s"}
2026-04-10T00:51:44.830+0800	INFO	fxevent/zap.go:51	invoking	{"function": "main.main.func6()"}
2026-04-10T00:51:44.830+0800	INFO	fxevent/zap.go:51	invoking	{"function": "main.main.func7()"}
2026-04-10T00:51:44.830+0800	INFO	fxevent/zap.go:51	before run	{"name": "go.uber.org/fx.New.func1()", "kind": "provide"}
2026-04-10T00:51:44.830+0800	INFO	fxevent/zap.go:51	run	{"name": "go.uber.org/fx.New.func1()", "kind": "provide", "runtime": "0s"}
2026-04-10T00:51:44.830+0800	INFO	fxevent/zap.go:51	before run	{"name": "main.NewAppLifeCycle()", "kind": "provide"}
2026-04-10T00:51:44.830+0800	INFO	fxevent/zap.go:51	run	{"name": "main.NewAppLifeCycle()", "kind": "provide", "runtime": "0s"}
2026-04-10T00:51:44.830+0800	INFO	fxevent/zap.go:51	OnStart hook executing	{"callee": "main.main.func7.1()", "caller": "main.main.func7"}
2026-04-10T00:51:44.830+0800	INFO	gin-template/main.go:31	监听服务启动
2026-04-10T00:51:44.830+0800	INFO	fxevent/zap.go:51	OnStart hook executed	{"callee": "main.main.func7.1()", "caller": "main.main.func7", "runtime": "14.6µs"}
2026-04-10T00:51:44.830+0800	INFO	fxevent/zap.go:51	started
2026-04-10T00:52:11.380+0800	INFO	fxevent/zap.go:51	OnStop hook executing	{"callee": "main.main.func7.2()", "caller": "main.main.func7"}
2026-04-10T00:52:11.380+0800	INFO	fxevent/zap.go:51	OnStop hook executed	{"callee": "main.main.func7.2()", "caller": "main.main.func7", "runtime": "0s"}
2026-04-10T00:52:13.223+0800	INFO	fxevent/zap.go:51	provided	{"constructor": "go.uber.org/fx.New.func1()", "stacktrace": ["go.uber.org/fx.New (C:/Users/Administrator/go/pkg/mod/go.uber.org/fx@v1.24.0/app.go:481)", "main.main (D:/work/go/template/sever/gin-template/main.go:59)", "runtime.main (D:/Tools/gvm/go/src/runtime/proc.go:285)"], "moduletrace": ["go.uber.org/fx.New (C:/Users/Administrator/go/pkg/mod/go.uber.org/fx@v1.24.0/app.go:481)", "main.main (D:/work/go/template/sever/gin-template/main.go:59)"], "type": "fx.Lifecycle"}
2026-04-10T00:52:13.223+0800	INFO	fxevent/zap.go:51	provided	{"constructor": "go.uber.org/fx.(*App).shutdowner-fm()", "stacktrace": ["go.uber.org/fx.New (C:/Users/Administrator/go/pkg/mod/go.uber.org/fx@v1.24.0/app.go:481)", "main.main (D:/work/go/template/sever/gin-template/main.go:59)", "runtime.main (D:/Tools/gvm/go/src/runtime/proc.go:285)"], "moduletrace": ["go.uber.org/fx.New (C:/Users/Administrator/go/pkg/mod/go.uber.org/fx@v1.24.0/app.go:481)", "main.main (D:/work/go/template/sever/gin-template/main.go:59)"], "type": "fx.Shutdowner"}
2026-04-10T00:52:13.223+0800	INFO	fxevent/zap.go:51	provided	{"constructor": "go.uber.org/fx.(*App).dotGraph-fm()", "stacktrace": ["go.uber.org/fx.New (C:/Users/Administrator/go/pkg/mod/go.uber.org/fx@v1.24.0/app.go:481)", "main.main (D:/work/go/template/sever/gin-template/main.go:59)", "runtime.main (D:/Tools/gvm/go/src/runtime/proc.go:285)"], "moduletrace": ["go.uber.org/fx.New (C:/Users/Administrator/go/pkg/mod/go.uber.org/fx@v1.24.0/app.go:481)", "main.main (D:/work/go/template/sever/gin-template/main.go:59)"], "type": "fx.DotGraph"}
2026-04-10T00:52:13.223+0800	INFO	fxevent/zap.go:51	provided	{"constructor": "main.main.func2()", "stacktrace": ["main.main (D:/work/go/template/sever/gin-template/main.go:60)", "runtime.main (D:/Tools/gvm/go/src/runtime/proc.go:285)"], "moduletrace": ["main.main (D:/work/go/template/sever/gin-template/main.go:60)", "main.main (D:/work/go/template/sever/gin-template/main.go:59)"], "type": "*zap.SugaredLogger"}
2026-04-10T00:52:13.223+0800	INFO	fxevent/zap.go:51	provided	{"constructor": "main.main.func4()", "stacktrace": ["main.main (D:/work/go/template/sever/gin-template/main.go:68)", "runtime.main (D:/Tools/gvm/go/src/runtime/proc.go:285)"], "moduletrace": ["main.main (D:/work/go/template/sever/gin-template/main.go:68)", "main.main (D:/work/go/template/sever/gin-template/main.go:59)"], "type": "*types.AppConfig"}
2026-04-10T00:52:13.223+0800	INFO	fxevent/zap.go:51	provided	{"constructor": "example.com/t/core.NewAppServer()", "stacktrace": ["main.main (D:/work/go/template/sever/gin-template/main.go:79)", "runtime.main (D:/Tools/gvm/go/src/runtime/proc.go:285)"], "moduletrace": ["main.main (D:/work/go/template/sever/gin-template/main.go:79)", "main.main (D:/work/go/template/sever/gin-template/main.go:59)"], "type": "*core.AppServer"}
2026-04-10T00:52:13.223+0800	INFO	fxevent/zap.go:51	provided	{"constructor": "main.NewAppLifeCycle()", "stacktrace": ["main.main (D:/work/go/template/sever/gin-template/main.go:88)", "runtime.main (D:/Tools/gvm/go/src/runtime/proc.go:285)"], "moduletrace": ["main.main (D:/work/go/template/sever/gin-template/main.go:88)", "main.main (D:/work/go/template/sever/gin-template/main.go:59)"], "type": "*main.AppLifecycle"}
2026-04-10T00:52:13.223+0800	INFO	fxevent/zap.go:51	before run	{"name": "main.main.func2()", "kind": "provide"}
2026-04-10T00:52:13.223+0800	INFO	fxevent/zap.go:51	run	{"name": "main.main.func2()", "kind": "provide", "runtime": "0s"}
2026-04-10T00:52:13.223+0800	INFO	fxevent/zap.go:51	initialized custom fxevent.Logger	{"function": "main.main.func3()"}
2026-04-10T00:52:13.223+0800	INFO	fxevent/zap.go:51	invoking	{"function": "main.main.func5()"}
2026-04-10T00:52:13.223+0800	INFO	fxevent/zap.go:51	before run	{"name": "main.main.func4()", "kind": "provide"}
2026-04-10T00:52:13.223+0800	INFO	fxevent/zap.go:51	run	{"name": "main.main.func4()", "kind": "provide", "runtime": "0s"}
2026-04-10T00:52:13.223+0800	INFO	fxevent/zap.go:51	before run	{"name": "example.com/t/core.NewAppServer()", "kind": "provide"}
2026-04-10T00:52:13.223+0800	INFO	fxevent/zap.go:51	run	{"name": "example.com/t/core.NewAppServer()", "kind": "provide", "runtime": "0s"}
2026-04-10T00:52:13.224+0800	INFO	fxevent/zap.go:51	invoking	{"function": "main.main.func6()"}
2026-04-10T00:52:13.224+0800	INFO	fxevent/zap.go:51	invoking	{"function": "main.main.func7()"}
2026-04-10T00:52:13.224+0800	INFO	fxevent/zap.go:51	before run	{"name": "go.uber.org/fx.New.func1()", "kind": "provide"}
2026-04-10T00:52:13.224+0800	INFO	fxevent/zap.go:51	run	{"name": "go.uber.org/fx.New.func1()", "kind": "provide", "runtime": "0s"}
2026-04-10T00:52:13.224+0800	INFO	fxevent/zap.go:51	before run	{"name": "main.NewAppLifeCycle()", "kind": "provide"}
2026-04-10T00:52:13.224+0800	INFO	fxevent/zap.go:51	run	{"name": "main.NewAppLifeCycle()", "kind": "provide", "runtime": "0s"}
2026-04-10T00:52:13.224+0800	INFO	fxevent/zap.go:51	OnStart hook executing	{"callee": "main.main.func7.1()", "caller": "main.main.func7"}
2026-04-10T00:52:13.224+0800	INFO	gin-template/main.go:31	监听服务启动
2026-04-10T00:52:13.224+0800	INFO	fxevent/zap.go:51	OnStart hook executed	{"callee": "main.main.func7.1()", "caller": "main.main.func7", "runtime": "0s"}
2026-04-10T00:52:13.224+0800	INFO	fxevent/zap.go:51	started


























