time="2026-04-14 15:49:55" level=debug msg="SQL trace" duration=1.9783ms rows=-1 sql="SELECT DATABASE()"
time="2026-04-14 15:49:55" level=debug msg="SQL trace" duration=14.5864ms rows=1 sql="SELECT SCHEMA_NAME from Information_schema.SCHEMATA where SCHEMA_NAME LIKE 'springboot3%' ORDER BY SCHEMA_NAME='springboot3' DESC,SCHEMA_NAME limit 1"
time="2026-04-14 15:49:55" level=debug msg="SQL trace" duration=10.3345ms rows=-1 sql="SELECT count(*) FROM information_schema.tables WHERE table_schema = 'springboot3' AND table_name = 'config' AND table_type = 'BASE TABLE'"
time="2026-04-14 15:49:55" level=debug msg="SQL trace" duration=1.1226ms rows=-1 sql="SELECT DATABASE()"
time="2026-04-14 15:49:55" level=debug msg="SQL trace" duration=3.0484ms rows=1 sql="SELECT SCHEMA_NAME from Information_schema.SCHEMATA where SCHEMA_NAME LIKE 'springboot3%' ORDER BY SCHEMA_NAME='springboot3' DESC,SCHEMA_NAME limit 1"
time="2026-04-14 15:49:55" level=debug msg="SQL trace" duration=1.9718ms rows=-1 sql="SELECT * FROM `config` LIMIT 1"
time="2026-04-14 15:49:55" level=debug msg="SQL trace" duration=9ms rows=-1 sql="SELECT column_name, column_default, is_nullable = 'YES', data_type, character_maximum_length, column_type, column_key, extra, column_comment, numeric_precision, numeric_scale , datetime_precision FROM information_schema.columns WHERE table_schema = 'springboot3' AND table_name = 'config' ORDER BY ORDINAL_POSITION"
time="2026-04-14 15:49:55" level=debug msg="SQL trace" duration=91.9111ms rows=0 sql="ALTER TABLE `config` MODIFY COLUMN `updated_at` datetime(3) NOT NULL DEFAULT CURRENT_TIMESTAMP(3) ON UPDATE CURRENT_TIMESTAMP(3)"
time="2026-04-14 15:49:55" level=debug msg="SQL trace" duration=1.6412ms rows=-1 sql="SELECT DATABASE()"
time="2026-04-14 15:49:55" level=debug msg="SQL trace" duration=7.3171ms rows=1 sql="SELECT SCHEMA_NAME from Information_schema.SCHEMATA where SCHEMA_NAME LIKE 'springboot3%' ORDER BY SCHEMA_NAME='springboot3' DESC,SCHEMA_NAME limit 1"
time="2026-04-14 15:49:55" level=debug msg="SQL trace" duration=3.8403ms rows=-1 sql="SELECT count(*) FROM information_schema.statistics WHERE table_schema = 'springboot3' AND table_name = 'config' AND index_name = 'idx_config_deleted_at'"
time="2026-04-14 15:49:55" level=debug msg="SQL trace" duration=1.1624ms rows=-1 sql="SELECT DATABASE()"
time="2026-04-14 15:49:55" level=debug msg="SQL trace" duration=2.717ms rows=1 sql="SELECT SCHEMA_NAME from Information_schema.SCHEMATA where SCHEMA_NAME LIKE 'springboot3%' ORDER BY SCHEMA_NAME='springboot3' DESC,SCHEMA_NAME limit 1"
time="2026-04-14 15:49:55" level=debug msg="SQL trace" duration=4.4258ms rows=-1 sql="SELECT count(*) FROM information_schema.tables WHERE table_schema = 'springboot3' AND table_name = 'login_log' AND table_type = 'BASE TABLE'"
time="2026-04-14 15:49:55" level=debug msg="SQL trace" duration=1.0686ms rows=-1 sql="SELECT DATABASE()"
time="2026-04-14 15:49:55" level=debug msg="SQL trace" duration=2.701ms rows=1 sql="SELECT SCHEMA_NAME from Information_schema.SCHEMATA where SCHEMA_NAME LIKE 'springboot3%' ORDER BY SCHEMA_NAME='springboot3' DESC,SCHEMA_NAME limit 1"
time="2026-04-14 15:49:55" level=debug msg="SQL trace" duration=2.8513ms rows=-1 sql="SELECT * FROM `login_log` LIMIT 1"
time="2026-04-14 15:49:55" level=debug msg="SQL trace" duration=5.3861ms rows=-1 sql="SELECT column_name, column_default, is_nullable = 'YES', data_type, character_maximum_length, column_type, column_key, extra, column_comment, numeric_precision, numeric_scale , datetime_precision FROM information_schema.columns WHERE table_schema = 'springboot3' AND table_name = 'login_log' ORDER BY ORDINAL_POSITION"
time="2026-04-14 15:49:55" level=debug msg="SQL trace" duration=65.4599ms rows=0 sql="ALTER TABLE `login_log` MODIFY COLUMN `updated_at` datetime(3) NOT NULL DEFAULT CURRENT_TIMESTAMP(3) ON UPDATE CURRENT_TIMESTAMP(3)"
time="2026-04-14 15:49:55" level=debug msg="SQL trace" duration=2.5391ms rows=-1 sql="SELECT DATABASE()"
time="2026-04-14 15:49:55" level=debug msg="SQL trace" duration=4.5362ms rows=1 sql="SELECT SCHEMA_NAME from Information_schema.SCHEMATA where SCHEMA_NAME LIKE 'springboot3%' ORDER BY SCHEMA_NAME='springboot3' DESC,SCHEMA_NAME limit 1"
time="2026-04-14 15:49:55" level=debug msg="SQL trace" duration=4.2678ms rows=3 sql="\nSELECT\n\tTABLE_NAME,\n\tCOLUMN_NAME,\n\tINDEX_NAME,\n\tNON_UNIQUE \nFROM\n\tinformation_schema.STATISTICS \nWHERE\n\tTABLE_SCHEMA = 'springboot3' \n\tAND TABLE_NAME = 'login_log' \nORDER BY\n\tINDEX_NAME,\n\tSEQ_IN_INDEX"
time="2026-04-14 15:49:55" level=debug msg="SQL trace" duration=1.5489ms rows=-1 sql="SELECT DATABASE()"
time="2026-04-14 15:49:55" level=debug msg="SQL trace" duration=3.687ms rows=1 sql="SELECT SCHEMA_NAME from Information_schema.SCHEMATA where SCHEMA_NAME LIKE 'springboot3%' ORDER BY SCHEMA_NAME='springboot3' DESC,SCHEMA_NAME limit 1"
time="2026-04-14 15:49:55" level=debug msg="SQL trace" duration=3.1934ms rows=-1 sql="SELECT count(*) FROM INFORMATION_SCHEMA.table_constraints WHERE constraint_schema = 'springboot3' AND table_name = 'login_log' AND constraint_name = 'uni_login_log_content'"
time="2026-04-14 15:49:55" level=debug msg="SQL trace" duration=2.2106ms rows=-1 sql="SELECT DATABASE()"
time="2026-04-14 15:49:55" level=debug msg="SQL trace" duration=3.3427ms rows=1 sql="SELECT SCHEMA_NAME from Information_schema.SCHEMATA where SCHEMA_NAME LIKE 'springboot3%' ORDER BY SCHEMA_NAME='springboot3' DESC,SCHEMA_NAME limit 1"
time="2026-04-14 15:49:55" level=debug msg="SQL trace" duration=3.7404ms rows=-1 sql="SELECT count(*) FROM information_schema.statistics WHERE table_schema = 'springboot3' AND table_name = 'login_log' AND index_name = 'idx_login_log_content'"
time="2026-04-14 15:49:55" level=debug msg="SQL trace" duration=1.1318ms rows=-1 sql="SELECT DATABASE()"
time="2026-04-14 15:49:55" level=debug msg="SQL trace" duration=3.5339ms rows=1 sql="SELECT SCHEMA_NAME from Information_schema.SCHEMATA where SCHEMA_NAME LIKE 'springboot3%' ORDER BY SCHEMA_NAME='springboot3' DESC,SCHEMA_NAME limit 1"
time="2026-04-14 15:49:55" level=debug msg="SQL trace" duration=3.0947ms rows=-1 sql="SELECT count(*) FROM information_schema.statistics WHERE table_schema = 'springboot3' AND table_name = 'login_log' AND index_name = 'idx_login_log_deleted_at'"
time="2026-04-14 15:49:55" level=debug msg="SQL trace" duration=1.227ms rows=-1 sql="SELECT DATABASE()"
time="2026-04-14 15:49:55" level=debug msg="SQL trace" duration=2.7201ms rows=1 sql="SELECT SCHEMA_NAME from Information_schema.SCHEMATA where SCHEMA_NAME LIKE 'springboot3%' ORDER BY SCHEMA_NAME='springboot3' DESC,SCHEMA_NAME limit 1"
time="2026-04-14 15:49:55" level=debug msg="SQL trace" duration=2.7525ms rows=-1 sql="SELECT count(*) FROM information_schema.statistics WHERE table_schema = 'springboot3' AND table_name = 'login_log' AND index_name = 'idx_login_log_content'"
time="2026-04-14 15:54:01" level=debug msg="SQL trace" duration=1.0019ms rows=-1 sql="SELECT DATABASE()"
time="2026-04-14 15:54:01" level=debug msg="SQL trace" duration=8.2196ms rows=1 sql="SELECT SCHEMA_NAME from Information_schema.SCHEMATA where SCHEMA_NAME LIKE 'springboot3%' ORDER BY SCHEMA_NAME='springboot3' DESC,SCHEMA_NAME limit 1"
time="2026-04-14 15:54:01" level=debug msg="SQL trace" duration=12.0206ms rows=-1 sql="SELECT count(*) FROM information_schema.tables WHERE table_schema = 'springboot3' AND table_name = 'config' AND table_type = 'BASE TABLE'"
time="2026-04-14 15:54:01" level=debug msg="SQL trace" duration=1.3429ms rows=-1 sql="SELECT DATABASE()"
time="2026-04-14 15:54:01" level=debug msg="SQL trace" duration=3.7701ms rows=1 sql="SELECT SCHEMA_NAME from Information_schema.SCHEMATA where SCHEMA_NAME LIKE 'springboot3%' ORDER BY SCHEMA_NAME='springboot3' DESC,SCHEMA_NAME limit 1"
time="2026-04-14 15:54:01" level=debug msg="SQL trace" duration=2.9285ms rows=-1 sql="SELECT * FROM `config` LIMIT 1"
time="2026-04-14 15:54:01" level=debug msg="SQL trace" duration=5.6063ms rows=-1 sql="SELECT column_name, column_default, is_nullable = 'YES', data_type, character_maximum_length, column_type, column_key, extra, column_comment, numeric_precision, numeric_scale , datetime_precision FROM information_schema.columns WHERE table_schema = 'springboot3' AND table_name = 'config' ORDER BY ORDINAL_POSITION"
time="2026-04-14 15:54:01" level=debug msg="SQL trace" duration=30.4698ms rows=0 sql="ALTER TABLE `config` MODIFY COLUMN `updated_at` datetime(3) NOT NULL DEFAULT CURRENT_TIMESTAMP(3) ON UPDATE CURRENT_TIMESTAMP(3)"
time="2026-04-14 15:54:01" level=debug msg="SQL trace" duration=1.1013ms rows=-1 sql="SELECT DATABASE()"
time="2026-04-14 15:54:01" level=debug msg="SQL trace" duration=5.1592ms rows=1 sql="SELECT SCHEMA_NAME from Information_schema.SCHEMATA where SCHEMA_NAME LIKE 'springboot3%' ORDER BY SCHEMA_NAME='springboot3' DESC,SCHEMA_NAME limit 1"
time="2026-04-14 15:54:01" level=debug msg="SQL trace" duration=5.9929ms rows=-1 sql="SELECT count(*) FROM information_schema.statistics WHERE table_schema = 'springboot3' AND table_name = 'config' AND index_name = 'idx_config_deleted_at'"
time="2026-04-14 15:54:01" level=debug msg="SQL trace" duration=1.1947ms rows=-1 sql="SELECT DATABASE()"
time="2026-04-14 15:54:01" level=debug msg="SQL trace" duration=4.2628ms rows=1 sql="SELECT SCHEMA_NAME from Information_schema.SCHEMATA where SCHEMA_NAME LIKE 'springboot3%' ORDER BY SCHEMA_NAME='springboot3' DESC,SCHEMA_NAME limit 1"
time="2026-04-14 15:54:01" level=debug msg="SQL trace" duration=7.1885ms rows=-1 sql="SELECT count(*) FROM information_schema.tables WHERE table_schema = 'springboot3' AND table_name = 'login_log' AND table_type = 'BASE TABLE'"
time="2026-04-14 15:54:01" level=debug msg="SQL trace" duration=1.1463ms rows=-1 sql="SELECT DATABASE()"
time="2026-04-14 15:54:01" level=debug msg="SQL trace" duration=4.0169ms rows=1 sql="SELECT SCHEMA_NAME from Information_schema.SCHEMATA where SCHEMA_NAME LIKE 'springboot3%' ORDER BY SCHEMA_NAME='springboot3' DESC,SCHEMA_NAME limit 1"
time="2026-04-14 15:54:01" level=debug msg="SQL trace" duration=3.5295ms rows=-1 sql="SELECT * FROM `login_log` LIMIT 1"
time="2026-04-14 15:54:01" level=debug msg="SQL trace" duration=5.5432ms rows=-1 sql="SELECT column_name, column_default, is_nullable = 'YES', data_type, character_maximum_length, column_type, column_key, extra, column_comment, numeric_precision, numeric_scale , datetime_precision FROM information_schema.columns WHERE table_schema = 'springboot3' AND table_name = 'login_log' ORDER BY ORDINAL_POSITION"
time="2026-04-14 15:54:01" level=debug msg="SQL trace" duration=52.3447ms rows=0 sql="ALTER TABLE `login_log` MODIFY COLUMN `updated_at` datetime(3) NOT NULL DEFAULT CURRENT_TIMESTAMP(3) ON UPDATE CURRENT_TIMESTAMP(3)"
time="2026-04-14 15:54:01" level=debug msg="SQL trace" duration=1.6821ms rows=-1 sql="SELECT DATABASE()"
time="2026-04-14 15:54:01" level=debug msg="SQL trace" duration=2.8286ms rows=1 sql="SELECT SCHEMA_NAME from Information_schema.SCHEMATA where SCHEMA_NAME LIKE 'springboot3%' ORDER BY SCHEMA_NAME='springboot3' DESC,SCHEMA_NAME limit 1"
time="2026-04-14 15:54:01" level=debug msg="SQL trace" duration=6.8739ms rows=3 sql="\nSELECT\n\tTABLE_NAME,\n\tCOLUMN_NAME,\n\tINDEX_NAME,\n\tNON_UNIQUE \nFROM\n\tinformation_schema.STATISTICS \nWHERE\n\tTABLE_SCHEMA = 'springboot3' \n\tAND TABLE_NAME = 'login_log' \nORDER BY\n\tINDEX_NAME,\n\tSEQ_IN_INDEX"
time="2026-04-14 15:54:01" level=debug msg="SQL trace" duration=1.1914ms rows=-1 sql="SELECT DATABASE()"
time="2026-04-14 15:54:01" level=debug msg="SQL trace" duration=3.3103ms rows=1 sql="SELECT SCHEMA_NAME from Information_schema.SCHEMATA where SCHEMA_NAME LIKE 'springboot3%' ORDER BY SCHEMA_NAME='springboot3' DESC,SCHEMA_NAME limit 1"
time="2026-04-14 15:54:01" level=debug msg="SQL trace" duration=4.1885ms rows=-1 sql="SELECT count(*) FROM INFORMATION_SCHEMA.table_constraints WHERE constraint_schema = 'springboot3' AND table_name = 'login_log' AND constraint_name = 'uni_login_log_content'"
time="2026-04-14 15:54:01" level=debug msg="SQL trace" duration=2.6376ms rows=-1 sql="SELECT DATABASE()"
time="2026-04-14 15:54:01" level=debug msg="SQL trace" duration=4.3281ms rows=1 sql="SELECT SCHEMA_NAME from Information_schema.SCHEMATA where SCHEMA_NAME LIKE 'springboot3%' ORDER BY SCHEMA_NAME='springboot3' DESC,SCHEMA_NAME limit 1"
time="2026-04-14 15:54:01" level=debug msg="SQL trace" duration=4.3827ms rows=-1 sql="SELECT count(*) FROM information_schema.statistics WHERE table_schema = 'springboot3' AND table_name = 'login_log' AND index_name = 'idx_login_log_content'"
time="2026-04-14 15:54:01" level=debug msg="SQL trace" duration=1.0979ms rows=-1 sql="SELECT DATABASE()"
time="2026-04-14 15:54:01" level=debug msg="SQL trace" duration=3.7292ms rows=1 sql="SELECT SCHEMA_NAME from Information_schema.SCHEMATA where SCHEMA_NAME LIKE 'springboot3%' ORDER BY SCHEMA_NAME='springboot3' DESC,SCHEMA_NAME limit 1"
time="2026-04-14 15:54:01" level=debug msg="SQL trace" duration=4.5127ms rows=-1 sql="SELECT count(*) FROM information_schema.statistics WHERE table_schema = 'springboot3' AND table_name = 'login_log' AND index_name = 'idx_login_log_deleted_at'"
time="2026-04-14 15:54:01" level=debug msg="SQL trace" duration=1.6638ms rows=-1 sql="SELECT DATABASE()"
time="2026-04-14 15:54:01" level=debug msg="SQL trace" duration=3.9336ms rows=1 sql="SELECT SCHEMA_NAME from Information_schema.SCHEMATA where SCHEMA_NAME LIKE 'springboot3%' ORDER BY SCHEMA_NAME='springboot3' DESC,SCHEMA_NAME limit 1"
time="2026-04-14 15:54:01" level=debug msg="SQL trace" duration=2.7583ms rows=-1 sql="SELECT count(*) FROM information_schema.statistics WHERE table_schema = 'springboot3' AND table_name = 'login_log' AND index_name = 'idx_login_log_content'"
time="2026-04-14 15:54:53" level=debug msg="SQL trace" duration=34.5695ms rows=2 sql="INSERT INTO `config` (`deleted_at`,`name`,`value`) VALUES (NULL,'name-张三1','value-张三2'),(NULL,'name-张三3','value-张三4')"
time="2026-04-14 15:54:53" level=info msg="HTTP request" client_ip=127.0.0.1 latency_ms=69 method=POST path=/config/insertMany query= status=200 user_agent="Mozilla/5.0 (Windows NT 10.0; Win64; x64) AppleWebKit/537.36 (KHTML, like Gecko) Chrome/146.0.0.0 Safari/537.36"
time="2026-04-14 15:55:03" level=debug msg="SQL trace" duration=6.1027ms rows=2 sql="INSERT INTO `config` (`deleted_at`,`name`,`value`) VALUES (NULL,'name-张三1','value-张三2'),(NULL,'name-张三3','value-张三4')"
time="2026-04-14 15:55:03" level=info msg="HTTP request" client_ip=127.0.0.1 latency_ms=62 method=POST path=/config/insertMany query= status=200 user_agent="Mozilla/5.0 (Windows NT 10.0; Win64; x64) AppleWebKit/537.36 (KHTML, like Gecko) Chrome/146.0.0.0 Safari/537.36"
time="2026-04-14 16:01:51" level=info msg="HTTP request" client_ip=127.0.0.1 latency_ms=2 method=POST path=/config/insert query= status=400 user_agent="Mozilla/5.0 (Windows NT 10.0; Win64; x64) AppleWebKit/537.36 (KHTML, like Gecko) Chrome/146.0.0.0 Safari/537.36"
time="2026-04-14 17:44:46" level=debug msg="SQL trace" duration=2.7019ms rows=-1 sql="SELECT DATABASE()"
time="2026-04-14 17:44:46" level=debug msg="SQL trace" duration=61.4372ms rows=1 sql="SELECT SCHEMA_NAME from Information_schema.SCHEMATA where SCHEMA_NAME LIKE 'springboot3%' ORDER BY SCHEMA_NAME='springboot3' DESC,SCHEMA_NAME limit 1"
time="2026-04-14 17:44:46" level=debug msg="SQL trace" duration=30.7711ms rows=-1 sql="SELECT count(*) FROM information_schema.tables WHERE table_schema = 'springboot3' AND table_name = 'config' AND table_type = 'BASE TABLE'"
time="2026-04-14 17:44:46" level=debug msg="SQL trace" duration=1.6362ms rows=-1 sql="SELECT DATABASE()"
time="2026-04-14 17:44:46" level=debug msg="SQL trace" duration=5.1326ms rows=1 sql="SELECT SCHEMA_NAME from Information_schema.SCHEMATA where SCHEMA_NAME LIKE 'springboot3%' ORDER BY SCHEMA_NAME='springboot3' DESC,SCHEMA_NAME limit 1"
time="2026-04-14 17:44:46" level=debug msg="SQL trace" duration=11.9034ms rows=-1 sql="SELECT * FROM `config` LIMIT 1"
time="2026-04-14 17:44:46" level=debug msg="SQL trace" duration=15.8614ms rows=-1 sql="SELECT column_name, column_default, is_nullable = 'YES', data_type, character_maximum_length, column_type, column_key, extra, column_comment, numeric_precision, numeric_scale , datetime_precision FROM information_schema.columns WHERE table_schema = 'springboot3' AND table_name = 'config' ORDER BY ORDINAL_POSITION"
time="2026-04-14 17:44:47" level=debug msg="SQL trace" duration=115.3422ms rows=0 sql="ALTER TABLE `config` MODIFY COLUMN `updated_at` datetime(3) NOT NULL DEFAULT CURRENT_TIMESTAMP(3) ON UPDATE CURRENT_TIMESTAMP(3)"
time="2026-04-14 17:44:47" level=debug msg="SQL trace" duration=1.1599ms rows=-1 sql="SELECT DATABASE()"
time="2026-04-14 17:44:47" level=debug msg="SQL trace" duration=3.2427ms rows=1 sql="SELECT SCHEMA_NAME from Information_schema.SCHEMATA where SCHEMA_NAME LIKE 'springboot3%' ORDER BY SCHEMA_NAME='springboot3' DESC,SCHEMA_NAME limit 1"
time="2026-04-14 17:44:47" level=debug msg="SQL trace" duration=8.1369ms rows=-1 sql="SELECT count(*) FROM information_schema.statistics WHERE table_schema = 'springboot3' AND table_name = 'config' AND index_name = 'idx_config_deleted_at'"
time="2026-04-14 17:44:47" level=debug msg="SQL trace" duration=1.1448ms rows=-1 sql="SELECT DATABASE()"
time="2026-04-14 17:44:47" level=debug msg="SQL trace" duration=2.7466ms rows=1 sql="SELECT SCHEMA_NAME from Information_schema.SCHEMATA where SCHEMA_NAME LIKE 'springboot3%' ORDER BY SCHEMA_NAME='springboot3' DESC,SCHEMA_NAME limit 1"
time="2026-04-14 17:44:47" level=debug msg="SQL trace" duration=8.3971ms rows=-1 sql="SELECT count(*) FROM information_schema.tables WHERE table_schema = 'springboot3' AND table_name = 'login_log' AND table_type = 'BASE TABLE'"
time="2026-04-14 17:44:47" level=debug msg="SQL trace" duration=1.6818ms rows=-1 sql="SELECT DATABASE()"
time="2026-04-14 17:44:47" level=debug msg="SQL trace" duration=4.5281ms rows=1 sql="SELECT SCHEMA_NAME from Information_schema.SCHEMATA where SCHEMA_NAME LIKE 'springboot3%' ORDER BY SCHEMA_NAME='springboot3' DESC,SCHEMA_NAME limit 1"
time="2026-04-14 17:44:47" level=debug msg="SQL trace" duration=10.8577ms rows=-1 sql="SELECT * FROM `login_log` LIMIT 1"
time="2026-04-14 17:44:47" level=debug msg="SQL trace" duration=6.7389ms rows=-1 sql="SELECT column_name, column_default, is_nullable = 'YES', data_type, character_maximum_length, column_type, column_key, extra, column_comment, numeric_precision, numeric_scale , datetime_precision FROM information_schema.columns WHERE table_schema = 'springboot3' AND table_name = 'login_log' ORDER BY ORDINAL_POSITION"
time="2026-04-14 17:44:47" level=debug msg="SQL trace" duration=61.1927ms rows=0 sql="ALTER TABLE `login_log` MODIFY COLUMN `updated_at` datetime(3) NOT NULL DEFAULT CURRENT_TIMESTAMP(3) ON UPDATE CURRENT_TIMESTAMP(3)"
time="2026-04-14 17:44:47" level=debug msg="SQL trace" duration=1.0939ms rows=-1 sql="SELECT DATABASE()"
time="2026-04-14 17:44:47" level=debug msg="SQL trace" duration=3.9245ms rows=1 sql="SELECT SCHEMA_NAME from Information_schema.SCHEMATA where SCHEMA_NAME LIKE 'springboot3%' ORDER BY SCHEMA_NAME='springboot3' DESC,SCHEMA_NAME limit 1"
time="2026-04-14 17:44:47" level=debug msg="SQL trace" duration=6.4354ms rows=3 sql="\nSELECT\n\tTABLE_NAME,\n\tCOLUMN_NAME,\n\tINDEX_NAME,\n\tNON_UNIQUE \nFROM\n\tinformation_schema.STATISTICS \nWHERE\n\tTABLE_SCHEMA = 'springboot3' \n\tAND TABLE_NAME = 'login_log' \nORDER BY\n\tINDEX_NAME,\n\tSEQ_IN_INDEX"
time="2026-04-14 17:44:47" level=debug msg="SQL trace" duration=1.0743ms rows=-1 sql="SELECT DATABASE()"
time="2026-04-14 17:44:47" level=debug msg="SQL trace" duration=3.3759ms rows=1 sql="SELECT SCHEMA_NAME from Information_schema.SCHEMATA where SCHEMA_NAME LIKE 'springboot3%' ORDER BY SCHEMA_NAME='springboot3' DESC,SCHEMA_NAME limit 1"
time="2026-04-14 17:44:47" level=debug msg="SQL trace" duration=4.2439ms rows=-1 sql="SELECT count(*) FROM INFORMATION_SCHEMA.table_constraints WHERE constraint_schema = 'springboot3' AND table_name = 'login_log' AND constraint_name = 'uni_login_log_content'"
time="2026-04-14 17:44:47" level=debug msg="SQL trace" duration=2.6152ms rows=-1 sql="SELECT DATABASE()"
time="2026-04-14 17:44:47" level=debug msg="SQL trace" duration=5.7473ms rows=1 sql="SELECT SCHEMA_NAME from Information_schema.SCHEMATA where SCHEMA_NAME LIKE 'springboot3%' ORDER BY SCHEMA_NAME='springboot3' DESC,SCHEMA_NAME limit 1"
time="2026-04-14 17:44:47" level=debug msg="SQL trace" duration=2.9177ms rows=-1 sql="SELECT count(*) FROM information_schema.statistics WHERE table_schema = 'springboot3' AND table_name = 'login_log' AND index_name = 'idx_login_log_content'"
time="2026-04-14 17:44:47" level=debug msg="SQL trace" duration="661µs" rows=-1 sql="SELECT DATABASE()"
time="2026-04-14 17:44:47" level=debug msg="SQL trace" duration=6.7943ms rows=1 sql="SELECT SCHEMA_NAME from Information_schema.SCHEMATA where SCHEMA_NAME LIKE 'springboot3%' ORDER BY SCHEMA_NAME='springboot3' DESC,SCHEMA_NAME limit 1"
time="2026-04-14 17:44:47" level=debug msg="SQL trace" duration=3.8609ms rows=-1 sql="SELECT count(*) FROM information_schema.statistics WHERE table_schema = 'springboot3' AND table_name = 'login_log' AND index_name = 'idx_login_log_deleted_at'"
time="2026-04-14 17:44:47" level=debug msg="SQL trace" duration=2.2151ms rows=-1 sql="SELECT DATABASE()"
time="2026-04-14 17:44:47" level=debug msg="SQL trace" duration=7.0278ms rows=1 sql="SELECT SCHEMA_NAME from Information_schema.SCHEMATA where SCHEMA_NAME LIKE 'springboot3%' ORDER BY SCHEMA_NAME='springboot3' DESC,SCHEMA_NAME limit 1"
time="2026-04-14 17:44:47" level=debug msg="SQL trace" duration=4.6121ms rows=-1 sql="SELECT count(*) FROM information_schema.statistics WHERE table_schema = 'springboot3' AND table_name = 'login_log' AND index_name = 'idx_login_log_content'"
time="2026-04-14 17:57:18" level=debug msg="SQL trace" duration=1.0464ms rows=-1 sql="SELECT DATABASE()"
time="2026-04-14 17:57:18" level=debug msg="SQL trace" duration=13.7004ms rows=1 sql="SELECT SCHEMA_NAME from Information_schema.SCHEMATA where SCHEMA_NAME LIKE 'springboot3%' ORDER BY SCHEMA_NAME='springboot3' DESC,SCHEMA_NAME limit 1"
time="2026-04-14 17:57:18" level=debug msg="SQL trace" duration=11.2263ms rows=-1 sql="SELECT count(*) FROM information_schema.tables WHERE table_schema = 'springboot3' AND table_name = 'config' AND table_type = 'BASE TABLE'"
time="2026-04-14 17:57:18" level=debug msg="SQL trace" duration=1.0811ms rows=-1 sql="SELECT DATABASE()"
time="2026-04-14 17:57:18" level=debug msg="SQL trace" duration=2.1729ms rows=1 sql="SELECT SCHEMA_NAME from Information_schema.SCHEMATA where SCHEMA_NAME LIKE 'springboot3%' ORDER BY SCHEMA_NAME='springboot3' DESC,SCHEMA_NAME limit 1"
time="2026-04-14 17:57:18" level=debug msg="SQL trace" duration=2.1708ms rows=-1 sql="SELECT * FROM `config` LIMIT 1"
time="2026-04-14 17:57:18" level=debug msg="SQL trace" duration=6.4429ms rows=-1 sql="SELECT column_name, column_default, is_nullable = 'YES', data_type, character_maximum_length, column_type, column_key, extra, column_comment, numeric_precision, numeric_scale , datetime_precision FROM information_schema.columns WHERE table_schema = 'springboot3' AND table_name = 'config' ORDER BY ORDINAL_POSITION"
time="2026-04-14 17:57:18" level=debug msg="SQL trace" duration=45.1147ms rows=0 sql="ALTER TABLE `config` MODIFY COLUMN `updated_at` datetime(3) NOT NULL DEFAULT CURRENT_TIMESTAMP(3) ON UPDATE CURRENT_TIMESTAMP(3)"
time="2026-04-14 17:57:18" level=debug msg="SQL trace" duration=1.659ms rows=-1 sql="SELECT DATABASE()"
time="2026-04-14 17:57:18" level=debug msg="SQL trace" duration=4.3501ms rows=1 sql="SELECT SCHEMA_NAME from Information_schema.SCHEMATA where SCHEMA_NAME LIKE 'springboot3%' ORDER BY SCHEMA_NAME='springboot3' DESC,SCHEMA_NAME limit 1"
time="2026-04-14 17:57:18" level=debug msg="SQL trace" duration=3.8379ms rows=-1 sql="SELECT count(*) FROM information_schema.statistics WHERE table_schema = 'springboot3' AND table_name = 'config' AND index_name = 'idx_config_deleted_at'"
time="2026-04-14 17:57:18" level=debug msg="SQL trace" duration=2.4345ms rows=-1 sql="SELECT DATABASE()"
time="2026-04-14 17:57:18" level=debug msg="SQL trace" duration=3.5861ms rows=1 sql="SELECT SCHEMA_NAME from Information_schema.SCHEMATA where SCHEMA_NAME LIKE 'springboot3%' ORDER BY SCHEMA_NAME='springboot3' DESC,SCHEMA_NAME limit 1"
time="2026-04-14 17:57:18" level=debug msg="SQL trace" duration=6.9535ms rows=-1 sql="SELECT count(*) FROM information_schema.tables WHERE table_schema = 'springboot3' AND table_name = 'login_log' AND table_type = 'BASE TABLE'"
time="2026-04-14 17:57:18" level=debug msg="SQL trace" duration=1.5537ms rows=-1 sql="SELECT DATABASE()"
time="2026-04-14 17:57:18" level=debug msg="SQL trace" duration=4.3853ms rows=1 sql="SELECT SCHEMA_NAME from Information_schema.SCHEMATA where SCHEMA_NAME LIKE 'springboot3%' ORDER BY SCHEMA_NAME='springboot3' DESC,SCHEMA_NAME limit 1"
time="2026-04-14 17:57:18" level=debug msg="SQL trace" duration=3.0527ms rows=-1 sql="SELECT * FROM `login_log` LIMIT 1"
time="2026-04-14 17:57:18" level=debug msg="SQL trace" duration=5.6665ms rows=-1 sql="SELECT column_name, column_default, is_nullable = 'YES', data_type, character_maximum_length, column_type, column_key, extra, column_comment, numeric_precision, numeric_scale , datetime_precision FROM information_schema.columns WHERE table_schema = 'springboot3' AND table_name = 'login_log' ORDER BY ORDINAL_POSITION"
time="2026-04-14 17:57:18" level=debug msg="SQL trace" duration=27.7476ms rows=0 sql="ALTER TABLE `login_log` MODIFY COLUMN `updated_at` datetime(3) NOT NULL DEFAULT CURRENT_TIMESTAMP(3) ON UPDATE CURRENT_TIMESTAMP(3)"
time="2026-04-14 17:57:18" level=debug msg="SQL trace" duration=1.7262ms rows=-1 sql="SELECT DATABASE()"
time="2026-04-14 17:57:18" level=debug msg="SQL trace" duration=3.4476ms rows=1 sql="SELECT SCHEMA_NAME from Information_schema.SCHEMATA where SCHEMA_NAME LIKE 'springboot3%' ORDER BY SCHEMA_NAME='springboot3' DESC,SCHEMA_NAME limit 1"
time="2026-04-14 17:57:18" level=debug msg="SQL trace" duration=24.2681ms rows=3 sql="\nSELECT\n\tTABLE_NAME,\n\tCOLUMN_NAME,\n\tINDEX_NAME,\n\tNON_UNIQUE \nFROM\n\tinformation_schema.STATISTICS \nWHERE\n\tTABLE_SCHEMA = 'springboot3' \n\tAND TABLE_NAME = 'login_log' \nORDER BY\n\tINDEX_NAME,\n\tSEQ_IN_INDEX"
time="2026-04-14 17:57:18" level=debug msg="SQL trace" duration=4.9631ms rows=-1 sql="SELECT DATABASE()"
time="2026-04-14 17:57:18" level=debug msg="SQL trace" duration=4.4634ms rows=1 sql="SELECT SCHEMA_NAME from Information_schema.SCHEMATA where SCHEMA_NAME LIKE 'springboot3%' ORDER BY SCHEMA_NAME='springboot3' DESC,SCHEMA_NAME limit 1"
time="2026-04-14 17:57:18" level=debug msg="SQL trace" duration=6.4177ms rows=-1 sql="SELECT count(*) FROM INFORMATION_SCHEMA.table_constraints WHERE constraint_schema = 'springboot3' AND table_name = 'login_log' AND constraint_name = 'uni_login_log_content'"
time="2026-04-14 17:57:18" level=debug msg="SQL trace" duration=1.6947ms rows=-1 sql="SELECT DATABASE()"
time="2026-04-14 17:57:18" level=debug msg="SQL trace" duration=3.7284ms rows=1 sql="SELECT SCHEMA_NAME from Information_schema.SCHEMATA where SCHEMA_NAME LIKE 'springboot3%' ORDER BY SCHEMA_NAME='springboot3' DESC,SCHEMA_NAME limit 1"
time="2026-04-14 17:57:18" level=debug msg="SQL trace" duration=4.2548ms rows=-1 sql="SELECT count(*) FROM information_schema.statistics WHERE table_schema = 'springboot3' AND table_name = 'login_log' AND index_name = 'idx_login_log_content'"
time="2026-04-14 17:57:18" level=debug msg="SQL trace" duration=3ms rows=-1 sql="SELECT DATABASE()"
time="2026-04-14 17:57:18" level=debug msg="SQL trace" duration=2.8041ms rows=1 sql="SELECT SCHEMA_NAME from Information_schema.SCHEMATA where SCHEMA_NAME LIKE 'springboot3%' ORDER BY SCHEMA_NAME='springboot3' DESC,SCHEMA_NAME limit 1"
time="2026-04-14 17:57:18" level=debug msg="SQL trace" duration=4.6227ms rows=-1 sql="SELECT count(*) FROM information_schema.statistics WHERE table_schema = 'springboot3' AND table_name = 'login_log' AND index_name = 'idx_login_log_deleted_at'"
time="2026-04-14 17:57:18" level=debug msg="SQL trace" duration=1.5611ms rows=-1 sql="SELECT DATABASE()"
time="2026-04-14 17:57:19" level=debug msg="SQL trace" duration=3.7662ms rows=1 sql="SELECT SCHEMA_NAME from Information_schema.SCHEMATA where SCHEMA_NAME LIKE 'springboot3%' ORDER BY SCHEMA_NAME='springboot3' DESC,SCHEMA_NAME limit 1"
time="2026-04-14 17:57:19" level=debug msg="SQL trace" duration=2.9095ms rows=-1 sql="SELECT count(*) FROM information_schema.statistics WHERE table_schema = 'springboot3' AND table_name = 'login_log' AND index_name = 'idx_login_log_content'"
time="2026-04-14 18:00:24" level=debug msg="sql 消息链" duration=1.7133ms rows=-1 sql="SELECT DATABASE()"
time="2026-04-14 18:00:24" level=debug msg="sql 消息链" duration=15.0521ms rows=1 sql="SELECT SCHEMA_NAME from Information_schema.SCHEMATA where SCHEMA_NAME LIKE 'springboot3%' ORDER BY SCHEMA_NAME='springboot3' DESC,SCHEMA_NAME limit 1"
time="2026-04-14 18:00:24" level=debug msg="sql 消息链" duration=12.5252ms rows=-1 sql="SELECT count(*) FROM information_schema.tables WHERE table_schema = 'springboot3' AND table_name = 'config' AND table_type = 'BASE TABLE'"
time="2026-04-14 18:00:24" level=debug msg="sql 消息链" duration=1.5316ms rows=-1 sql="SELECT DATABASE()"
time="2026-04-14 18:00:24" level=debug msg="sql 消息链" duration=3.2094ms rows=1 sql="SELECT SCHEMA_NAME from Information_schema.SCHEMATA where SCHEMA_NAME LIKE 'springboot3%' ORDER BY SCHEMA_NAME='springboot3' DESC,SCHEMA_NAME limit 1"
time="2026-04-14 18:00:24" level=debug msg="sql 消息链" duration=4.8875ms rows=-1 sql="SELECT * FROM `config` LIMIT 1"
time="2026-04-14 18:00:24" level=debug msg="sql 消息链" duration=6.9753ms rows=-1 sql="SELECT column_name, column_default, is_nullable = 'YES', data_type, character_maximum_length, column_type, column_key, extra, column_comment, numeric_precision, numeric_scale , datetime_precision FROM information_schema.columns WHERE table_schema = 'springboot3' AND table_name = 'config' ORDER BY ORDINAL_POSITION"
time="2026-04-14 18:00:24" level=debug msg="sql 消息链" duration=49.4839ms rows=0 sql="ALTER TABLE `config` MODIFY COLUMN `updated_at` datetime(3) NOT NULL DEFAULT CURRENT_TIMESTAMP(3) ON UPDATE CURRENT_TIMESTAMP(3)"
time="2026-04-14 18:00:24" level=debug msg="sql 消息链" duration=1.5926ms rows=-1 sql="SELECT DATABASE()"
time="2026-04-14 18:00:24" level=debug msg="sql 消息链" duration=3.8187ms rows=1 sql="SELECT SCHEMA_NAME from Information_schema.SCHEMATA where SCHEMA_NAME LIKE 'springboot3%' ORDER BY SCHEMA_NAME='springboot3' DESC,SCHEMA_NAME limit 1"
time="2026-04-14 18:00:24" level=debug msg="sql 消息链" duration=6.0641ms rows=-1 sql="SELECT count(*) FROM information_schema.statistics WHERE table_schema = 'springboot3' AND table_name = 'config' AND index_name = 'idx_config_deleted_at'"
time="2026-04-14 18:00:24" level=debug msg="sql 消息链" duration=1.2735ms rows=-1 sql="SELECT DATABASE()"
time="2026-04-14 18:00:24" level=debug msg="sql 消息链" duration=3.9152ms rows=1 sql="SELECT SCHEMA_NAME from Information_schema.SCHEMATA where SCHEMA_NAME LIKE 'springboot3%' ORDER BY SCHEMA_NAME='springboot3' DESC,SCHEMA_NAME limit 1"
time="2026-04-14 18:00:24" level=debug msg="sql 消息链" duration=6.9778ms rows=-1 sql="SELECT count(*) FROM information_schema.tables WHERE table_schema = 'springboot3' AND table_name = 'login_log' AND table_type = 'BASE TABLE'"
time="2026-04-14 18:00:24" level=debug msg="sql 消息链" duration=1.5639ms rows=-1 sql="SELECT DATABASE()"
time="2026-04-14 18:00:24" level=debug msg="sql 消息链" duration=3.9273ms rows=1 sql="SELECT SCHEMA_NAME from Information_schema.SCHEMATA where SCHEMA_NAME LIKE 'springboot3%' ORDER BY SCHEMA_NAME='springboot3' DESC,SCHEMA_NAME limit 1"
time="2026-04-14 18:00:24" level=debug msg="sql 消息链" duration=3.1078ms rows=-1 sql="SELECT * FROM `login_log` LIMIT 1"
time="2026-04-14 18:00:24" level=debug msg="sql 消息链" duration=5.0195ms rows=-1 sql="SELECT column_name, column_default, is_nullable = 'YES', data_type, character_maximum_length, column_type, column_key, extra, column_comment, numeric_precision, numeric_scale , datetime_precision FROM information_schema.columns WHERE table_schema = 'springboot3' AND table_name = 'login_log' ORDER BY ORDINAL_POSITION"
time="2026-04-14 18:00:24" level=debug msg="sql 消息链" duration=19.4579ms rows=0 sql="ALTER TABLE `login_log` MODIFY COLUMN `updated_at` datetime(3) NOT NULL DEFAULT CURRENT_TIMESTAMP(3) ON UPDATE CURRENT_TIMESTAMP(3)"
time="2026-04-14 18:00:24" level=debug msg="sql 消息链" duration=1.9768ms rows=-1 sql="SELECT DATABASE()"
time="2026-04-14 18:00:24" level=debug msg="sql 消息链" duration=5.1175ms rows=1 sql="SELECT SCHEMA_NAME from Information_schema.SCHEMATA where SCHEMA_NAME LIKE 'springboot3%' ORDER BY SCHEMA_NAME='springboot3' DESC,SCHEMA_NAME limit 1"
time="2026-04-14 18:00:24" level=debug msg="sql 消息链" duration=10.2008ms rows=3 sql="\nSELECT\n\tTABLE_NAME,\n\tCOLUMN_NAME,\n\tINDEX_NAME,\n\tNON_UNIQUE \nFROM\n\tinformation_schema.STATISTICS \nWHERE\n\tTABLE_SCHEMA = 'springboot3' \n\tAND TABLE_NAME = 'login_log' \nORDER BY\n\tINDEX_NAME,\n\tSEQ_IN_INDEX"
time="2026-04-14 18:00:24" level=debug msg="sql 消息链" duration=2.8098ms rows=-1 sql="SELECT DATABASE()"
time="2026-04-14 18:00:24" level=debug msg="sql 消息链" duration=6.6781ms rows=1 sql="SELECT SCHEMA_NAME from Information_schema.SCHEMATA where SCHEMA_NAME LIKE 'springboot3%' ORDER BY SCHEMA_NAME='springboot3' DESC,SCHEMA_NAME limit 1"
time="2026-04-14 18:00:24" level=debug msg="sql 消息链" duration=5.772ms rows=-1 sql="SELECT count(*) FROM INFORMATION_SCHEMA.table_constraints WHERE constraint_schema = 'springboot3' AND table_name = 'login_log' AND constraint_name = 'uni_login_log_content'"
time="2026-04-14 18:00:24" level=debug msg="sql 消息链" duration=1.766ms rows=-1 sql="SELECT DATABASE()"
time="2026-04-14 18:00:24" level=debug msg="sql 消息链" duration=3.9775ms rows=1 sql="SELECT SCHEMA_NAME from Information_schema.SCHEMATA where SCHEMA_NAME LIKE 'springboot3%' ORDER BY SCHEMA_NAME='springboot3' DESC,SCHEMA_NAME limit 1"
time="2026-04-14 18:00:24" level=debug msg="sql 消息链" duration=6.0986ms rows=-1 sql="SELECT count(*) FROM information_schema.statistics WHERE table_schema = 'springboot3' AND table_name = 'login_log' AND index_name = 'idx_login_log_content'"
time="2026-04-14 18:00:24" level=debug msg="sql 消息链" duration=2.0779ms rows=-1 sql="SELECT DATABASE()"
time="2026-04-14 18:00:24" level=debug msg="sql 消息链" duration=3.9388ms rows=1 sql="SELECT SCHEMA_NAME from Information_schema.SCHEMATA where SCHEMA_NAME LIKE 'springboot3%' ORDER BY SCHEMA_NAME='springboot3' DESC,SCHEMA_NAME limit 1"
time="2026-04-14 18:00:24" level=debug msg="sql 消息链" duration=3.2984ms rows=-1 sql="SELECT count(*) FROM information_schema.statistics WHERE table_schema = 'springboot3' AND table_name = 'login_log' AND index_name = 'idx_login_log_deleted_at'"
time="2026-04-14 18:00:24" level=debug msg="sql 消息链" duration=1.1861ms rows=-1 sql="SELECT DATABASE()"
time="2026-04-14 18:00:24" level=debug msg="sql 消息链" duration=8.1182ms rows=1 sql="SELECT SCHEMA_NAME from Information_schema.SCHEMATA where SCHEMA_NAME LIKE 'springboot3%' ORDER BY SCHEMA_NAME='springboot3' DESC,SCHEMA_NAME limit 1"
time="2026-04-14 18:00:24" level=debug msg="sql 消息链" duration=5.4396ms rows=-1 sql="SELECT count(*) FROM information_schema.statistics WHERE table_schema = 'springboot3' AND table_name = 'login_log' AND index_name = 'idx_login_log_content'"
time="2026-04-14 18:04:14" level=debug msg="sql 消息链" sql执行语句="SELECT DATABASE()" 查询结果（数量）=-1 耗时=9.642ms
time="2026-04-14 18:04:14" level=debug msg="sql 消息链" sql执行语句="SELECT SCHEMA_NAME from Information_schema.SCHEMATA where SCHEMA_NAME LIKE 'springboot3%' ORDER BY SCHEMA_NAME='springboot3' DESC,SCHEMA_NAME limit 1" 查询结果（数量）=1 耗时=21.5219ms
time="2026-04-14 18:04:14" level=debug msg="sql 消息链" sql执行语句="SELECT count(*) FROM information_schema.tables WHERE table_schema = 'springboot3' AND table_name = 'config' AND table_type = 'BASE TABLE'" 查询结果（数量）=-1 耗时=22.3892ms
time="2026-04-14 18:04:14" level=debug msg="sql 消息链" sql执行语句="SELECT DATABASE()" 查询结果（数量）=-1 耗时=2.4611ms
time="2026-04-14 18:04:14" level=debug msg="sql 消息链" sql执行语句="SELECT SCHEMA_NAME from Information_schema.SCHEMATA where SCHEMA_NAME LIKE 'springboot3%' ORDER BY SCHEMA_NAME='springboot3' DESC,SCHEMA_NAME limit 1" 查询结果（数量）=1 耗时=3.4809ms
time="2026-04-14 18:04:14" level=debug msg="sql 消息链" sql执行语句="SELECT * FROM `config` LIMIT 1" 查询结果（数量）=-1 耗时=7.9293ms
time="2026-04-14 18:04:14" level=debug msg="sql 消息链" sql执行语句="SELECT column_name, column_default, is_nullable = 'YES', data_type, character_maximum_length, column_type, column_key, extra, column_comment, numeric_precision, numeric_scale , datetime_precision FROM information_schema.columns WHERE table_schema = 'springboot3' AND table_name = 'config' ORDER BY ORDINAL_POSITION" 查询结果（数量）=-1 耗时=6.8331ms
time="2026-04-14 18:04:15" level=warning msg="慢SQL" sql执行语句="ALTER TABLE `config` MODIFY COLUMN `updated_at` datetime(3) NOT NULL DEFAULT CURRENT_TIMESTAMP(3) ON UPDATE CURRENT_TIMESTAMP(3)" 查询结果（数量）=0 耗时=249.3233ms
time="2026-04-14 18:04:15" level=debug msg="sql 消息链" sql执行语句="SELECT DATABASE()" 查询结果（数量）=-1 耗时=9.7184ms
time="2026-04-14 18:04:15" level=debug msg="sql 消息链" sql执行语句="SELECT SCHEMA_NAME from Information_schema.SCHEMATA where SCHEMA_NAME LIKE 'springboot3%' ORDER BY SCHEMA_NAME='springboot3' DESC,SCHEMA_NAME limit 1" 查询结果（数量）=1 耗时=14.2101ms
time="2026-04-14 18:04:15" level=debug msg="sql 消息链" sql执行语句="SELECT count(*) FROM information_schema.statistics WHERE table_schema = 'springboot3' AND table_name = 'config' AND index_name = 'idx_config_deleted_at'" 查询结果（数量）=-1 耗时=18.9292ms
time="2026-04-14 18:04:15" level=debug msg="sql 消息链" sql执行语句="SELECT DATABASE()" 查询结果（数量）=-1 耗时=1.7605ms
time="2026-04-14 18:04:15" level=debug msg="sql 消息链" sql执行语句="SELECT SCHEMA_NAME from Information_schema.SCHEMATA where SCHEMA_NAME LIKE 'springboot3%' ORDER BY SCHEMA_NAME='springboot3' DESC,SCHEMA_NAME limit 1" 查询结果（数量）=1 耗时=5.0035ms
time="2026-04-14 18:04:15" level=debug msg="sql 消息链" sql执行语句="SELECT count(*) FROM information_schema.tables WHERE table_schema = 'springboot3' AND table_name = 'login_log' AND table_type = 'BASE TABLE'" 查询结果（数量）=-1 耗时=14.5504ms
time="2026-04-14 18:04:15" level=debug msg="sql 消息链" sql执行语句="SELECT DATABASE()" 查询结果（数量）=-1 耗时=2.5968ms
time="2026-04-14 18:04:15" level=debug msg="sql 消息链" sql执行语句="SELECT SCHEMA_NAME from Information_schema.SCHEMATA where SCHEMA_NAME LIKE 'springboot3%' ORDER BY SCHEMA_NAME='springboot3' DESC,SCHEMA_NAME limit 1" 查询结果（数量）=1 耗时=6.4947ms
time="2026-04-14 18:04:15" level=debug msg="sql 消息链" sql执行语句="SELECT * FROM `login_log` LIMIT 1" 查询结果（数量）=-1 耗时=2.7709ms
time="2026-04-14 18:04:15" level=debug msg="sql 消息链" sql执行语句="SELECT column_name, column_default, is_nullable = 'YES', data_type, character_maximum_length, column_type, column_key, extra, column_comment, numeric_precision, numeric_scale , datetime_precision FROM information_schema.columns WHERE table_schema = 'springboot3' AND table_name = 'login_log' ORDER BY ORDINAL_POSITION" 查询结果（数量）=-1 耗时=6.134ms
time="2026-04-14 18:04:15" level=debug msg="sql 消息链" sql执行语句="ALTER TABLE `login_log` MODIFY COLUMN `updated_at` datetime(3) NOT NULL DEFAULT CURRENT_TIMESTAMP(3) ON UPDATE CURRENT_TIMESTAMP(3)" 查询结果（数量）=0 耗时=67.9415ms
time="2026-04-14 18:04:15" level=debug msg="sql 消息链" sql执行语句="SELECT DATABASE()" 查询结果（数量）=-1 耗时=2.8564ms
time="2026-04-14 18:04:15" level=debug msg="sql 消息链" sql执行语句="SELECT SCHEMA_NAME from Information_schema.SCHEMATA where SCHEMA_NAME LIKE 'springboot3%' ORDER BY SCHEMA_NAME='springboot3' DESC,SCHEMA_NAME limit 1" 查询结果（数量）=1 耗时=23.6675ms
time="2026-04-14 18:04:15" level=debug msg="sql 消息链" sql执行语句="\nSELECT\n\tTABLE_NAME,\n\tCOLUMN_NAME,\n\tINDEX_NAME,\n\tNON_UNIQUE \nFROM\n\tinformation_schema.STATISTICS \nWHERE\n\tTABLE_SCHEMA = 'springboot3' \n\tAND TABLE_NAME = 'login_log' \nORDER BY\n\tINDEX_NAME,\n\tSEQ_IN_INDEX" 查询结果（数量）=3 耗时=16.6613ms
time="2026-04-14 18:04:15" level=debug msg="sql 消息链" sql执行语句="SELECT DATABASE()" 查询结果（数量）=-1 耗时=4.2544ms
time="2026-04-14 18:04:15" level=debug msg="sql 消息链" sql执行语句="SELECT SCHEMA_NAME from Information_schema.SCHEMATA where SCHEMA_NAME LIKE 'springboot3%' ORDER BY SCHEMA_NAME='springboot3' DESC,SCHEMA_NAME limit 1" 查询结果（数量）=1 耗时=20.2668ms
time="2026-04-14 18:04:15" level=debug msg="sql 消息链" sql执行语句="SELECT count(*) FROM INFORMATION_SCHEMA.table_constraints WHERE constraint_schema = 'springboot3' AND table_name = 'login_log' AND constraint_name = 'uni_login_log_content'" 查询结果（数量）=-1 耗时=10.3314ms
time="2026-04-14 18:04:15" level=debug msg="sql 消息链" sql执行语句="SELECT DATABASE()" 查询结果（数量）=-1 耗时=9.5496ms
time="2026-04-14 18:04:15" level=debug msg="sql 消息链" sql执行语句="SELECT SCHEMA_NAME from Information_schema.SCHEMATA where SCHEMA_NAME LIKE 'springboot3%' ORDER BY SCHEMA_NAME='springboot3' DESC,SCHEMA_NAME limit 1" 查询结果（数量）=1 耗时=5.0023ms
time="2026-04-14 18:04:15" level=debug msg="sql 消息链" sql执行语句="SELECT count(*) FROM information_schema.statistics WHERE table_schema = 'springboot3' AND table_name = 'login_log' AND index_name = 'idx_login_log_content'" 查询结果（数量）=-1 耗时=22.1091ms
time="2026-04-14 18:04:15" level=debug msg="sql 消息链" sql执行语句="SELECT DATABASE()" 查询结果（数量）=-1 耗时=3.8472ms
time="2026-04-14 18:04:15" level=debug msg="sql 消息链" sql执行语句="SELECT SCHEMA_NAME from Information_schema.SCHEMATA where SCHEMA_NAME LIKE 'springboot3%' ORDER BY SCHEMA_NAME='springboot3' DESC,SCHEMA_NAME limit 1" 查询结果（数量）=1 耗时=11.7802ms
time="2026-04-14 18:04:15" level=debug msg="sql 消息链" sql执行语句="SELECT count(*) FROM information_schema.statistics WHERE table_schema = 'springboot3' AND table_name = 'login_log' AND index_name = 'idx_login_log_deleted_at'" 查询结果（数量）=-1 耗时=13.822ms
time="2026-04-14 18:04:15" level=debug msg="sql 消息链" sql执行语句="SELECT DATABASE()" 查询结果（数量）=-1 耗时=1.6518ms
time="2026-04-14 18:04:15" level=debug msg="sql 消息链" sql执行语句="SELECT SCHEMA_NAME from Information_schema.SCHEMATA where SCHEMA_NAME LIKE 'springboot3%' ORDER BY SCHEMA_NAME='springboot3' DESC,SCHEMA_NAME limit 1" 查询结果（数量）=1 耗时=2.6704ms
time="2026-04-14 18:04:15" level=debug msg="sql 消息链" sql执行语句="SELECT count(*) FROM information_schema.statistics WHERE table_schema = 'springboot3' AND table_name = 'login_log' AND index_name = 'idx_login_log_content'" 查询结果（数量）=-1 耗时=8.8475ms
